Archive member included to satisfy reference by file (symbol)

/opt/Atollic_TrueSTUDIO_for_STM32_x86_64_9.2.0/ARMTools/bin/../lib/gcc/arm-atollic-eabi/6.3.1/../../../../arm-atollic-eabi/lib/armv7e-m/fpu/libc_nano.a(lib_a-assert.o)
                              Middlewares/Third_Party/modbus/functions/mbutils.o (__assert_func)
/opt/Atollic_TrueSTUDIO_for_STM32_x86_64_9.2.0/ARMTools/bin/../lib/gcc/arm-atollic-eabi/6.3.1/../../../../arm-atollic-eabi/lib/armv7e-m/fpu/libc_nano.a(lib_a-fprintf.o)
                              /opt/Atollic_TrueSTUDIO_for_STM32_x86_64_9.2.0/ARMTools/bin/../lib/gcc/arm-atollic-eabi/6.3.1/../../../../arm-atollic-eabi/lib/armv7e-m/fpu/libc_nano.a(lib_a-assert.o) (fiprintf)
/opt/Atollic_TrueSTUDIO_for_STM32_x86_64_9.2.0/ARMTools/bin/../lib/gcc/arm-atollic-eabi/6.3.1/../../../../arm-atollic-eabi/lib/armv7e-m/fpu/libc_nano.a(lib_a-impure.o)
                              /opt/Atollic_TrueSTUDIO_for_STM32_x86_64_9.2.0/ARMTools/bin/../lib/gcc/arm-atollic-eabi/6.3.1/../../../../arm-atollic-eabi/lib/armv7e-m/fpu/libc_nano.a(lib_a-assert.o) (_impure_ptr)
/opt/Atollic_TrueSTUDIO_for_STM32_x86_64_9.2.0/ARMTools/bin/../lib/gcc/arm-atollic-eabi/6.3.1/../../../../arm-atollic-eabi/lib/armv7e-m/fpu/libc_nano.a(lib_a-init.o)
                              startup/startup_stm32f407xx.o (__libc_init_array)
/opt/Atollic_TrueSTUDIO_for_STM32_x86_64_9.2.0/ARMTools/bin/../lib/gcc/arm-atollic-eabi/6.3.1/../../../../arm-atollic-eabi/lib/armv7e-m/fpu/libc_nano.a(lib_a-memcpy-stub.o)
                              Middlewares/Third_Party/FreeRTOS/Source/queue.o (memcpy)
/opt/Atollic_TrueSTUDIO_for_STM32_x86_64_9.2.0/ARMTools/bin/../lib/gcc/arm-atollic-eabi/6.3.1/../../../../arm-atollic-eabi/lib/armv7e-m/fpu/libc_nano.a(lib_a-memset.o)
                              Src/main.o (memset)
/opt/Atollic_TrueSTUDIO_for_STM32_x86_64_9.2.0/ARMTools/bin/../lib/gcc/arm-atollic-eabi/6.3.1/../../../../arm-atollic-eabi/lib/armv7e-m/fpu/libc_nano.a(lib_a-nano-vfprintf.o)
                              /opt/Atollic_TrueSTUDIO_for_STM32_x86_64_9.2.0/ARMTools/bin/../lib/gcc/arm-atollic-eabi/6.3.1/../../../../arm-atollic-eabi/lib/armv7e-m/fpu/libc_nano.a(lib_a-fprintf.o) (_vfprintf_r)
/opt/Atollic_TrueSTUDIO_for_STM32_x86_64_9.2.0/ARMTools/bin/../lib/gcc/arm-atollic-eabi/6.3.1/../../../../arm-atollic-eabi/lib/armv7e-m/fpu/libc_nano.a(lib_a-nano-vfprintf_i.o)
                              /opt/Atollic_TrueSTUDIO_for_STM32_x86_64_9.2.0/ARMTools/bin/../lib/gcc/arm-atollic-eabi/6.3.1/../../../../arm-atollic-eabi/lib/armv7e-m/fpu/libc_nano.a(lib_a-nano-vfprintf.o) (_printf_i)
/opt/Atollic_TrueSTUDIO_for_STM32_x86_64_9.2.0/ARMTools/bin/../lib/gcc/arm-atollic-eabi/6.3.1/../../../../arm-atollic-eabi/lib/armv7e-m/fpu/libc_nano.a(lib_a-wbuf.o)
                              /opt/Atollic_TrueSTUDIO_for_STM32_x86_64_9.2.0/ARMTools/bin/../lib/gcc/arm-atollic-eabi/6.3.1/../../../../arm-atollic-eabi/lib/armv7e-m/fpu/libc_nano.a(lib_a-nano-vfprintf.o) (__swbuf_r)
/opt/Atollic_TrueSTUDIO_for_STM32_x86_64_9.2.0/ARMTools/bin/../lib/gcc/arm-atollic-eabi/6.3.1/../../../../arm-atollic-eabi/lib/armv7e-m/fpu/libc_nano.a(lib_a-wsetup.o)
                              /opt/Atollic_TrueSTUDIO_for_STM32_x86_64_9.2.0/ARMTools/bin/../lib/gcc/arm-atollic-eabi/6.3.1/../../../../arm-atollic-eabi/lib/armv7e-m/fpu/libc_nano.a(lib_a-nano-vfprintf.o) (__swsetup_r)
/opt/Atollic_TrueSTUDIO_for_STM32_x86_64_9.2.0/ARMTools/bin/../lib/gcc/arm-atollic-eabi/6.3.1/../../../../arm-atollic-eabi/lib/armv7e-m/fpu/libc_nano.a(lib_a-abort.o)
                              /opt/Atollic_TrueSTUDIO_for_STM32_x86_64_9.2.0/ARMTools/bin/../lib/gcc/arm-atollic-eabi/6.3.1/../../../../arm-atollic-eabi/lib/armv7e-m/fpu/libc_nano.a(lib_a-assert.o) (abort)
/opt/Atollic_TrueSTUDIO_for_STM32_x86_64_9.2.0/ARMTools/bin/../lib/gcc/arm-atollic-eabi/6.3.1/../../../../arm-atollic-eabi/lib/armv7e-m/fpu/libc_nano.a(lib_a-fflush.o)
                              /opt/Atollic_TrueSTUDIO_for_STM32_x86_64_9.2.0/ARMTools/bin/../lib/gcc/arm-atollic-eabi/6.3.1/../../../../arm-atollic-eabi/lib/armv7e-m/fpu/libc_nano.a(lib_a-wbuf.o) (_fflush_r)
/opt/Atollic_TrueSTUDIO_for_STM32_x86_64_9.2.0/ARMTools/bin/../lib/gcc/arm-atollic-eabi/6.3.1/../../../../arm-atollic-eabi/lib/armv7e-m/fpu/libc_nano.a(lib_a-findfp.o)
                              /opt/Atollic_TrueSTUDIO_for_STM32_x86_64_9.2.0/ARMTools/bin/../lib/gcc/arm-atollic-eabi/6.3.1/../../../../arm-atollic-eabi/lib/armv7e-m/fpu/libc_nano.a(lib_a-nano-vfprintf.o) (__sinit)
/opt/Atollic_TrueSTUDIO_for_STM32_x86_64_9.2.0/ARMTools/bin/../lib/gcc/arm-atollic-eabi/6.3.1/../../../../arm-atollic-eabi/lib/armv7e-m/fpu/libc_nano.a(lib_a-fvwrite.o)
                              /opt/Atollic_TrueSTUDIO_for_STM32_x86_64_9.2.0/ARMTools/bin/../lib/gcc/arm-atollic-eabi/6.3.1/../../../../arm-atollic-eabi/lib/armv7e-m/fpu/libc_nano.a(lib_a-nano-vfprintf.o) (__sfvwrite_r)
[...]
Memory Configuration

Name             Origin             Length             Attributes
RAM              0x0000000020000000 0x0000000000020000 xrw
CCMRAM           0x0000000010000000 0x0000000000010000 rw
FLASH            0x0000000008000000 0x0000000000100000 xr
*default*        0x0000000000000000 0xffffffffffffffff

Linker script and memory map

LOAD /opt/Atollic_TrueSTUDIO_for_STM32_x86_64_9.2.0/ARMTools/bin/../lib/gcc/arm-atollic-eabi/6.3.1/armv7e-m/fpu/crti.o
LOAD /opt/Atollic_TrueSTUDIO_for_STM32_x86_64_9.2.0/ARMTools/bin/../lib/gcc/arm-atollic-eabi/6.3.1/armv7e-m/fpu/crtbegin.o
LOAD Drivers/STM32F4xx_HAL_Driver/Src/stm32f4xx_hal.o
LOAD Drivers/STM32F4xx_HAL_Driver/Src/stm32f4xx_hal_cortex.o
LOAD Drivers/STM32F4xx_HAL_Driver/Src/stm32f4xx_hal_dma.o
LOAD Drivers/STM32F4xx_HAL_Driver/Src/stm32f4xx_hal_dma_ex.o
LOAD Drivers/STM32F4xx_HAL_Driver/Src/stm32f4xx_hal_flash.o
LOAD Drivers/STM32F4xx_HAL_Driver/Src/stm32f4xx_hal_flash_ex.o
LOAD Drivers/STM32F4xx_HAL_Driver/Src/stm32f4xx_hal_flash_ramfunc.o
LOAD Drivers/STM32F4xx_HAL_Driver/Src/stm32f4xx_hal_gpio.o
LOAD Drivers/STM32F4xx_HAL_Driver/Src/stm32f4xx_hal_pwr.o
LOAD Drivers/STM32F4xx_HAL_Driver/Src/stm32f4xx_hal_pwr_ex.o
LOAD Drivers/STM32F4xx_HAL_Driver/Src/stm32f4xx_hal_rcc.o
LOAD Drivers/STM32F4xx_HAL_Driver/Src/stm32f4xx_hal_rcc_ex.o
LOAD Drivers/STM32F4xx_HAL_Driver/Src/stm32f4xx_hal_tim.o
LOAD Drivers/STM32F4xx_HAL_Driver/Src/stm32f4xx_hal_tim_ex.o
LOAD Drivers/STM32F4xx_HAL_Driver/Src/stm32f4xx_hal_uart.o
LOAD Middlewares/Third_Party/FreeRTOS/Source/CMSIS_RTOS/cmsis_os.o
LOAD Middlewares/Third_Party/FreeRTOS/Source/croutine.o
LOAD Middlewares/Third_Party/FreeRTOS/Source/event_groups.o
LOAD Middlewares/Third_Party/FreeRTOS/Source/list.o
LOAD Middlewares/Third_Party/FreeRTOS/Source/portable/GCC/ARM_CM4F/port.o
LOAD Middlewares/Third_Party/FreeRTOS/Source/portable/MemMang/heap_4.o
LOAD Middlewares/Third_Party/FreeRTOS/Source/queue.o
LOAD Middlewares/Third_Party/FreeRTOS/Source/tasks.o
LOAD Middlewares/Third_Party/FreeRTOS/Source/timers.o
LOAD Middlewares/Third_Party/modbus/functions/mbfunccoils.o
LOAD Middlewares/Third_Party/modbus/functions/mbfuncdiag.o
LOAD Middlewares/Third_Party/modbus/functions/mbfuncdisc.o
LOAD Middlewares/Third_Party/modbus/functions/mbfuncholding.o
LOAD Middlewares/Third_Party/modbus/functions/mbfuncinput.o
LOAD Middlewares/Third_Party/modbus/functions/mbfuncother.o
LOAD Middlewares/Third_Party/modbus/functions/mbutils.o
LOAD Middlewares/Third_Party/modbus/mb.o
LOAD Middlewares/Third_Party/modbus/port/portevent.o
LOAD Middlewares/Third_Party/modbus/port/portserial.o
LOAD Middlewares/Third_Party/modbus/port/porttimer.o
LOAD Middlewares/Third_Party/modbus/rtu/mbcrc.o
LOAD Middlewares/Third_Party/modbus/rtu/mbrtu.o
LOAD Src/freertos.o
LOAD Src/main.o
LOAD Src/mdtask.o
LOAD Src/stm32f4xx_hal_msp.o
LOAD Src/stm32f4xx_hal_timebase_tim.o
LOAD Src/stm32f4xx_it.o
LOAD Src/system_stm32f4xx.o
LOAD startup/startup_stm32f407xx.o
                0x0000000000000080                malloc_getpagesize_P = 0x80
START GROUP
LOAD /opt/Atollic_TrueSTUDIO_for_STM32_x86_64_9.2.0/ARMTools/bin/../lib/gcc/arm-atollic-eabi/6.3.1/../../../../arm-atollic-eabi/lib/armv7e-m/fpu/libc_nano.a
LOAD /opt/Atollic_TrueSTUDIO_for_STM32_x86_64_9.2.0/ARMTools/bin/../lib/gcc/arm-atollic-eabi/6.3.1/../../../../arm-atollic-eabi/lib/armv7e-m/fpu/libm.a
END GROUP
START GROUP
LOAD /opt/Atollic_TrueSTUDIO_for_STM32_x86_64_9.2.0/ARMTools/bin/../lib/gcc/arm-atollic-eabi/6.3.1/armv7e-m/fpu/libgcc.a
LOAD /opt/Atollic_TrueSTUDIO_for_STM32_x86_64_9.2.0/ARMTools/bin/../lib/gcc/arm-atollic-eabi/6.3.1/../../../../arm-atollic-eabi/lib/armv7e-m/fpu/libc_nano.a
END GROUP
START GROUP
LOAD /opt/Atollic_TrueSTUDIO_for_STM32_x86_64_9.2.0/ARMTools/bin/../lib/gcc/arm-atollic-eabi/6.3.1/armv7e-m/fpu/libgcc.a
LOAD /opt/Atollic_TrueSTUDIO_for_STM32_x86_64_9.2.0/ARMTools/bin/../lib/gcc/arm-atollic-eabi/6.3.1/../../../../arm-atollic-eabi/lib/armv7e-m/fpu/libc_nano.a
LOAD /opt/Atollic_TrueSTUDIO_for_STM32_x86_64_9.2.0/ARMTools/bin/../lib/gcc/arm-atollic-eabi/6.3.1/../../../../arm-atollic-eabi/lib/armv7e-m/fpu/libnosys.a
END GROUP
START GROUP
LOAD /opt/Atollic_TrueSTUDIO_for_STM32_x86_64_9.2.0/ARMTools/bin/../lib/gcc/arm-atollic-eabi/6.3.1/armv7e-m/fpu/libgcc.a
LOAD /opt/Atollic_TrueSTUDIO_for_STM32_x86_64_9.2.0/ARMTools/bin/../lib/gcc/arm-atollic-eabi/6.3.1/../../../../arm-atollic-eabi/lib/armv7e-m/fpu/libc_nano.a
LOAD /opt/Atollic_TrueSTUDIO_for_STM32_x86_64_9.2.0/ARMTools/bin/../lib/gcc/arm-atollic-eabi/6.3.1/../../../../arm-atollic-eabi/lib/armv7e-m/fpu/libnosys.a
END GROUP
LOAD /opt/Atollic_TrueSTUDIO_for_STM32_x86_64_9.2.0/ARMTools/bin/../lib/gcc/arm-atollic-eabi/6.3.1/armv7e-m/fpu/crtend.o
LOAD /opt/Atollic_TrueSTUDIO_for_STM32_x86_64_9.2.0/ARMTools/bin/../lib/gcc/arm-atollic-eabi/6.3.1/armv7e-m/fpu/crtn.o
                0x0000000020020000                _estack = 0x20020000
                0x0000000000000200                _Min_Heap_Size = 0x200
                0x0000000000000400                _Min_Stack_Size = 0x400

.isr_vector     0x0000000008000000      0x188
                0x0000000008000000                . = ALIGN (0x4)
 *(.isr_vector)
 .isr_vector    0x0000000008000000      0x188 startup/startup_stm32f407xx.o
                0x0000000008000000                g_pfnVectors
                0x0000000008000188                . = ALIGN (0x4)

.text           0x0000000008000190     0x3fb0
                0x0000000008000190                . = ALIGN (0x4)
 *(.text)
 .text          0x0000000008000190       0x40 /opt/Atollic_TrueSTUDIO_for_STM32_x86_64_9.2.0/ARMTools/bin/../lib/gcc/arm-atollic-eabi/6.3.1/armv7e-m/fpu/crtbegin.o
 .text          0x00000000080001d0       0xa0 /opt/Atollic_TrueSTUDIO_for_STM32_x86_64_9.2.0/ARMTools/bin/../lib/gcc/arm-atollic-eabi/6.3.1/../../../../arm-atollic-eabi/lib/armv7e-m/fpu/libc_nano.a(lib_a-memchr.o)
                0x00000000080001d0                memchr
 .text          0x0000000008000270       0x30 /opt/Atollic_TrueSTUDIO_for_STM32_x86_64_9.2.0/ARMTools/bin/../lib/gcc/arm-atollic-eabi/6.3.1/armv7e-m/fpu/libgcc.a(_aeabi_uldivmod.o)
                0x0000000008000270                __aeabi_uldivmod
 .text          0x00000000080002a0      0x2dc /opt/Atollic_TrueSTUDIO_for_STM32_x86_64_9.2.0/ARMTools/bin/../lib/gcc/arm-atollic-eabi/6.3.1/armv7e-m/fpu/libgcc.a(_udivmoddi4.o)
                0x00000000080002a0                __udivmoddi4
 .text          0x000000000800057c        0x4 /opt/Atollic_TrueSTUDIO_for_STM32_x86_64_9.2.0/ARMTools/bin/../lib/gcc/arm-atollic-eabi/6.3.1/armv7e-m/fpu/libgcc.a(_dvmd_tls.o)
                0x000000000800057c                __aeabi_ldiv0
                0x000000000800057c                __aeabi_idiv0
 *(.text*)
 .text.HAL_Init
                0x0000000008000580       0x34 Drivers/STM32F4xx_HAL_Driver/Src/stm32f4xx_hal.o
                0x0000000008000580                HAL_Init
 .text.HAL_IncTick
                0x00000000080005b4       0x18 Drivers/STM32F4xx_HAL_Driver/Src/stm32f4xx_hal.o
                0x00000000080005b4                HAL_IncTick
 .text.HAL_GetTick
                0x00000000080005cc        0xc Drivers/STM32F4xx_HAL_Driver/Src/stm32f4xx_hal.o
                0x00000000080005cc                HAL_GetTick
 .text.HAL_NVIC_SetPriorityGrouping
                0x00000000080005d8       0x24 Drivers/STM32F4xx_HAL_Driver/Src/stm32f4xx_hal_cortex.o
                0x00000000080005d8                HAL_NVIC_SetPriorityGrouping
 .text.HAL_NVIC_SetPriority
                0x00000000080005fc       0x68 Drivers/STM32F4xx_HAL_Driver/Src/stm32f4xx_hal_cortex.o
                0x00000000080005fc                HAL_NVIC_SetPriority
 .text.HAL_NVIC_EnableIRQ
                0x0000000008000664       0x18 Drivers/STM32F4xx_HAL_Driver/Src/stm32f4xx_hal_cortex.o
                0x0000000008000664                HAL_NVIC_EnableIRQ
 .text.HAL_DMA_Abort_IT
                0x000000000800067c       0x24 Drivers/STM32F4xx_HAL_Driver/Src/stm32f4xx_hal_dma.o
                0x000000000800067c                HAL_DMA_Abort_IT
 .text.HAL_GPIO_Init
                0x00000000080006a0      0x1c0 Drivers/STM32F4xx_HAL_Driver/Src/stm32f4xx_hal_gpio.o
                0x00000000080006a0                HAL_GPIO_Init
 .text.HAL_GPIO_WritePin
                0x0000000008000860        0xa Drivers/STM32F4xx_HAL_Driver/Src/stm32f4xx_hal_gpio.o
                0x0000000008000860                HAL_GPIO_WritePin
 .text.HAL_GPIO_TogglePin
                0x000000000800086a        0x8 Drivers/STM32F4xx_HAL_Driver/Src/stm32f4xx_hal_gpio.o
                0x000000000800086a                HAL_GPIO_TogglePin
 *fill*         0x0000000008000872        0x2 
 .text.HAL_RCC_OscConfig
                0x0000000008000874      0x304 Drivers/STM32F4xx_HAL_Driver/Src/stm32f4xx_hal_rcc.o
                0x0000000008000874                HAL_RCC_OscConfig
 .text.HAL_RCC_GetSysClockFreq
                0x0000000008000b78       0x5c Drivers/STM32F4xx_HAL_Driver/Src/stm32f4xx_hal_rcc.o
                0x0000000008000b78                HAL_RCC_GetSysClockFreq
 .text.HAL_RCC_ClockConfig
                0x0000000008000bd4      0x134 Drivers/STM32F4xx_HAL_Driver/Src/stm32f4xx_hal_rcc.o
                0x0000000008000bd4                HAL_RCC_ClockConfig
 .text.HAL_RCC_GetPCLK1Freq
                0x0000000008000d08       0x20 Drivers/STM32F4xx_HAL_Driver/Src/stm32f4xx_hal_rcc.o
                0x0000000008000d08                HAL_RCC_GetPCLK1Freq
 .text.HAL_RCC_GetPCLK2Freq
                0x0000000008000d28       0x20 Drivers/STM32F4xx_HAL_Driver/Src/stm32f4xx_hal_rcc.o
                0x0000000008000d28                HAL_RCC_GetPCLK2Freq
 .text.HAL_RCC_GetClockConfig
                0x0000000008000d48       0x3c Drivers/STM32F4xx_HAL_Driver/Src/stm32f4xx_hal_rcc.o
                0x0000000008000d48                HAL_RCC_GetClockConfig
 .text.HAL_TIM_Base_Start_IT
                0x0000000008000d84       0x16 Drivers/STM32F4xx_HAL_Driver/Src/stm32f4xx_hal_tim.o
                0x0000000008000d84                HAL_TIM_Base_Start_IT
 .text.HAL_TIM_Base_Stop_IT
                0x0000000008000d9a       0x2a Drivers/STM32F4xx_HAL_Driver/Src/stm32f4xx_hal_tim.o
                0x0000000008000d9a                HAL_TIM_Base_Stop_IT
 .text.HAL_TIM_OC_DelayElapsedCallback
                0x0000000008000dc4        0x2 Drivers/STM32F4xx_HAL_Driver/Src/stm32f4xx_hal_tim.o
                0x0000000008000dc4                HAL_TIM_OC_DelayElapsedCallback
 .text.HAL_TIM_IC_CaptureCallback
                0x0000000008000dc6        0x2 Drivers/STM32F4xx_HAL_Driver/Src/stm32f4xx_hal_tim.o
                0x0000000008000dc6                HAL_TIM_IC_CaptureCallback
 .text.HAL_TIM_PWM_PulseFinishedCallback
                0x0000000008000dc8        0x2 Drivers/STM32F4xx_HAL_Driver/Src/stm32f4xx_hal_tim.o
                0x0000000008000dc8                HAL_TIM_PWM_PulseFinishedCallback
 .text.HAL_TIM_TriggerCallback
                0x0000000008000dca        0x2 Drivers/STM32F4xx_HAL_Driver/Src/stm32f4xx_hal_tim.o
                0x0000000008000dca                HAL_TIM_TriggerCallback
 .text.HAL_TIM_IRQHandler
                0x0000000008000dcc      0x144 Drivers/STM32F4xx_HAL_Driver/Src/stm32f4xx_hal_tim.o
                0x0000000008000dcc                HAL_TIM_IRQHandler
 .text.TIM_Base_SetConfig
                0x0000000008000f10       0xc8 Drivers/STM32F4xx_HAL_Driver/Src/stm32f4xx_hal_tim.o
                0x0000000008000f10                TIM_Base_SetConfig
 .text.HAL_TIM_Base_Init
                0x0000000008000fd8       0x34 Drivers/STM32F4xx_HAL_Driver/Src/stm32f4xx_hal_tim.o
                0x0000000008000fd8                HAL_TIM_Base_Init
 .text.HAL_TIMEx_MasterConfigSynchronization
                0x000000000800100c       0x44 Drivers/STM32F4xx_HAL_Driver/Src/stm32f4xx_hal_tim_ex.o
                0x000000000800100c                HAL_TIMEx_MasterConfigSynchronization
 .text.HAL_TIMEx_CommutationCallback
                0x0000000008001050        0x2 Drivers/STM32F4xx_HAL_Driver/Src/stm32f4xx_hal_tim_ex.o
                0x0000000008001050                HAL_TIMEx_CommutationCallback
 .text.HAL_TIMEx_BreakCallback
                0x0000000008001052        0x2 Drivers/STM32F4xx_HAL_Driver/Src/stm32f4xx_hal_tim_ex.o
                0x0000000008001052                HAL_TIMEx_BreakCallback
 .text.UART_EndRxTransfer
                0x0000000008001054       0x1a Drivers/STM32F4xx_HAL_Driver/Src/stm32f4xx_hal_uart.o
 *fill*         0x000000000800106e        0x2 
 .text.UART_SetConfig
                0x0000000008001070      0x234 Drivers/STM32F4xx_HAL_Driver/Src/stm32f4xx_hal_uart.o
 .text.UART_WaitOnFlagUntilTimeout.constprop.3
                0x00000000080012a4       0x50 Drivers/STM32F4xx_HAL_Driver/Src/stm32f4xx_hal_uart.o
 .text.HAL_UART_Init
                0x00000000080012f4       0x5c Drivers/STM32F4xx_HAL_Driver/Src/stm32f4xx_hal_uart.o
                0x00000000080012f4                HAL_UART_Init
 .text.HAL_UART_Transmit
                0x0000000008001350       0xba Drivers/STM32F4xx_HAL_Driver/Src/stm32f4xx_hal_uart.o
                0x0000000008001350                HAL_UART_Transmit
 .text.HAL_UART_TxCpltCallback
                0x000000000800140a        0x2 Drivers/STM32F4xx_HAL_Driver/Src/stm32f4xx_hal_uart.o
                0x000000000800140a                HAL_UART_TxCpltCallback
 .text.HAL_UART_RxCpltCallback
                0x000000000800140c        0x2 Drivers/STM32F4xx_HAL_Driver/Src/stm32f4xx_hal_uart.o
                0x000000000800140c                HAL_UART_RxCpltCallback
 .text.UART_Receive_IT
                0x000000000800140e       0x74 Drivers/STM32F4xx_HAL_Driver/Src/stm32f4xx_hal_uart.o
 .text.HAL_UART_ErrorCallback
                0x0000000008001482        0x2 Drivers/STM32F4xx_HAL_Driver/Src/stm32f4xx_hal_uart.o
                0x0000000008001482                HAL_UART_ErrorCallback
 .text.HAL_UART_IRQHandler
                0x0000000008001484      0x140 Drivers/STM32F4xx_HAL_Driver/Src/stm32f4xx_hal_uart.o
                0x0000000008001484                HAL_UART_IRQHandler
 .text.UART_DMAAbortOnError
                0x00000000080015c4       0x10 Drivers/STM32F4xx_HAL_Driver/Src/stm32f4xx_hal_uart.o
 .text.osKernelStart
                0x00000000080015d4        0xa Middlewares/Third_Party/FreeRTOS/Source/CMSIS_RTOS/cmsis_os.o
                0x00000000080015d4                osKernelStart
 .text.osThreadCreate
                0x00000000080015de       0x30 Middlewares/Third_Party/FreeRTOS/Source/CMSIS_RTOS/cmsis_os.o
                0x00000000080015de                osThreadCreate
 .text.osDelay  0x000000000800160e       0x10 Middlewares/Third_Party/FreeRTOS/Source/CMSIS_RTOS/cmsis_os.o
                0x000000000800160e                osDelay
 .text.vListInitialise
                0x000000000800161e       0x16 Middlewares/Third_Party/FreeRTOS/Source/list.o
                0x000000000800161e                vListInitialise
 .text.vListInitialiseItem
                0x0000000008001634        0x6 Middlewares/Third_Party/FreeRTOS/Source/list.o
                0x0000000008001634                vListInitialiseItem
 .text.vListInsertEnd
                0x000000000800163a       0x18 Middlewares/Third_Party/FreeRTOS/Source/list.o
                0x000000000800163a                vListInsertEnd
 .text.vListInsert
                0x0000000008001652       0x2e Middlewares/Third_Party/FreeRTOS/Source/list.o
                0x0000000008001652                vListInsert
 .text.uxListRemove
                0x0000000008001680       0x20 Middlewares/Third_Party/FreeRTOS/Source/list.o
                0x0000000008001680                uxListRemove
 .text.prvTaskExitError
                0x00000000080016a0       0x30 Middlewares/Third_Party/FreeRTOS/Source/portable/GCC/ARM_CM4F/port.o
 .text.prvPortStartFirstTask
                0x00000000080016d0       0x20 Middlewares/Third_Party/FreeRTOS/Source/portable/GCC/ARM_CM4F/port.o
 .text.vPortEnableVFP
                0x00000000080016f0       0x14 Middlewares/Third_Party/FreeRTOS/Source/portable/GCC/ARM_CM4F/port.o
 .text.pxPortInitialiseStack
                0x0000000008001704       0x2c Middlewares/Third_Party/FreeRTOS/Source/portable/GCC/ARM_CM4F/port.o
                0x0000000008001704                pxPortInitialiseStack
 .text.SVC_Handler
                0x0000000008001730       0x24 Middlewares/Third_Party/FreeRTOS/Source/portable/GCC/ARM_CM4F/port.o
                0x0000000008001730                SVC_Handler
 .text.vPortEnterCritical
                0x0000000008001754       0x44 Middlewares/Third_Party/FreeRTOS/Source/portable/GCC/ARM_CM4F/port.o
                0x0000000008001754                vPortEnterCritical
 .text.vPortExitCritical
                0x0000000008001798       0x28 Middlewares/Third_Party/FreeRTOS/Source/portable/GCC/ARM_CM4F/port.o
                0x0000000008001798                vPortExitCritical
 .text.PendSV_Handler
                0x00000000080017c0       0x64 Middlewares/Third_Party/FreeRTOS/Source/portable/GCC/ARM_CM4F/port.o
                0x00000000080017c0                PendSV_Handler
 .text.SysTick_Handler
                0x0000000008001824       0x2c Middlewares/Third_Party/FreeRTOS/Source/portable/GCC/ARM_CM4F/port.o
                0x0000000008001824                SysTick_Handler
 .text.vPortSetupTimerInterrupt
                0x0000000008001850       0x28 Middlewares/Third_Party/FreeRTOS/Source/portable/GCC/ARM_CM4F/port.o
                0x0000000008001850                vPortSetupTimerInterrupt
 .text.xPortStartScheduler
                0x0000000008001878       0xec Middlewares/Third_Party/FreeRTOS/Source/portable/GCC/ARM_CM4F/port.o
                0x0000000008001878                xPortStartScheduler
 .text.unlikely.prvInsertBlockIntoFreeList
                0x0000000008001964       0x48 Middlewares/Third_Party/FreeRTOS/Source/portable/MemMang/heap_4.o
 .text.pvPortMalloc
                0x00000000080019ac      0x11c Middlewares/Third_Party/FreeRTOS/Source/portable/MemMang/heap_4.o
                0x00000000080019ac                pvPortMalloc
 .text.vPortFree
                0x0000000008001ac8       0x70 Middlewares/Third_Party/FreeRTOS/Source/portable/MemMang/heap_4.o
                0x0000000008001ac8                vPortFree
 .text.prvResetNextTaskUnblockTime
                0x0000000008001b38       0x24 Middlewares/Third_Party/FreeRTOS/Source/tasks.o
 .text.prvAddCurrentTaskToDelayedList
                0x0000000008001b5c       0x8c Middlewares/Third_Party/FreeRTOS/Source/tasks.o
 .text.xTaskCreate
                0x0000000008001be8      0x1a0 Middlewares/Third_Party/FreeRTOS/Source/tasks.o
                0x0000000008001be8                xTaskCreate
 .text.vTaskStartScheduler
                0x0000000008001d88       0x78 Middlewares/Third_Party/FreeRTOS/Source/tasks.o
                0x0000000008001d88                vTaskStartScheduler
 .text.vTaskSuspendAll
                0x0000000008001e00       0x10 Middlewares/Third_Party/FreeRTOS/Source/tasks.o
                0x0000000008001e00                vTaskSuspendAll
 .text.xTaskIncrementTick
                0x0000000008001e10      0x124 Middlewares/Third_Party/FreeRTOS/Source/tasks.o
                0x0000000008001e10                xTaskIncrementTick
 .text.xTaskResumeAll
                0x0000000008001f34       0xf0 Middlewares/Third_Party/FreeRTOS/Source/tasks.o
                0x0000000008001f34                xTaskResumeAll
 .text.vTaskDelay
                0x0000000008002024       0x48 Middlewares/Third_Party/FreeRTOS/Source/tasks.o
                0x0000000008002024                vTaskDelay
 .text.prvIdleTask
                0x000000000800206c       0x74 Middlewares/Third_Party/FreeRTOS/Source/tasks.o
 .text.vTaskSwitchContext
                0x00000000080020e0       0x74 Middlewares/Third_Party/FreeRTOS/Source/tasks.o
                0x00000000080020e0                vTaskSwitchContext
 .text.eMBFuncReadCoils
                0x0000000008002154       0x6c Middlewares/Third_Party/modbus/functions/mbfunccoils.o
                0x0000000008002154                eMBFuncReadCoils
 .text.eMBFuncWriteCoil
                0x00000000080021c0       0x4a Middlewares/Third_Party/modbus/functions/mbfunccoils.o
                0x00000000080021c0                eMBFuncWriteCoil
 .text.eMBFuncWriteMultipleCoils
                0x000000000800220a       0x58 Middlewares/Third_Party/modbus/functions/mbfunccoils.o
                0x000000000800220a                eMBFuncWriteMultipleCoils
 .text.eMBFuncReadDiscreteInputs
                0x0000000008002262       0x6a Middlewares/Third_Party/modbus/functions/mbfuncdisc.o
                0x0000000008002262                eMBFuncReadDiscreteInputs
 .text.eMBFuncWriteHoldingRegister
                0x00000000080022cc       0x2e Middlewares/Third_Party/modbus/functions/mbfuncholding.o
                0x00000000080022cc                eMBFuncWriteHoldingRegister
 .text.eMBFuncWriteMultipleHoldingRegister
                0x00000000080022fa       0x4a Middlewares/Third_Party/modbus/functions/mbfuncholding.o
                0x00000000080022fa                eMBFuncWriteMultipleHoldingRegister
 .text.eMBFuncReadHoldingRegister
                0x0000000008002344       0x58 Middlewares/Third_Party/modbus/functions/mbfuncholding.o
                0x0000000008002344                eMBFuncReadHoldingRegister
 .text.eMBFuncReadWriteMultipleHoldingRegister
                0x000000000800239c       0x9c Middlewares/Third_Party/modbus/functions/mbfuncholding.o
                0x000000000800239c                eMBFuncReadWriteMultipleHoldingRegister
 .text.eMBFuncReadInputRegister
                0x0000000008002438       0x58 Middlewares/Third_Party/modbus/functions/mbfuncinput.o
                0x0000000008002438                eMBFuncReadInputRegister
 .text.eMBFuncReportSlaveID
                0x0000000008002490       0x24 Middlewares/Third_Party/modbus/functions/mbfuncother.o
                0x0000000008002490                eMBFuncReportSlaveID
 .text.prveMBError2Exception
                0x00000000080024b4       0x10 Middlewares/Third_Party/modbus/functions/mbutils.o
                0x00000000080024b4                prveMBError2Exception
 .text.eMBInit  0x00000000080024c4       0xb0 Middlewares/Third_Party/modbus/mb.o
                0x00000000080024c4                eMBInit
 .text.eMBEnable
                0x0000000008002574       0x24 Middlewares/Third_Party/modbus/mb.o
                0x0000000008002574                eMBEnable
 .text.eMBPoll  0x0000000008002598       0xec Middlewares/Third_Party/modbus/mb.o
                0x0000000008002598                eMBPoll
 .text.xMBPortEventInit
                0x0000000008002684       0x10 Middlewares/Third_Party/modbus/port/portevent.o
                0x0000000008002684                xMBPortEventInit
 .text.xMBPortEventPost
                0x0000000008002694       0x18 Middlewares/Third_Party/modbus/port/portevent.o
                0x0000000008002694                xMBPortEventPost
 .text.xMBPortEventGet
                0x00000000080026ac       0x20 Middlewares/Third_Party/modbus/port/portevent.o
                0x00000000080026ac                xMBPortEventGet
 .text.vMBPortSerialEnable
                0x00000000080026cc       0x30 Middlewares/Third_Party/modbus/port/portserial.o
                0x00000000080026cc                vMBPortSerialEnable
 .text.xMBPortSerialInit
                0x00000000080026fc        0x4 Middlewares/Third_Party/modbus/port/portserial.o
                0x00000000080026fc                xMBPortSerialInit
 .text.xMBPortSerialPutByte
                0x0000000008002700       0x24 Middlewares/Third_Party/modbus/port/portserial.o
                0x0000000008002700                xMBPortSerialPutByte
 .text.xMBPortSerialGetByte
                0x0000000008002724       0x10 Middlewares/Third_Party/modbus/port/portserial.o
                0x0000000008002724                xMBPortSerialGetByte
 .text.xMBPortTimersInit
                0x0000000008002734       0x58 Middlewares/Third_Party/modbus/port/porttimer.o
                0x0000000008002734                xMBPortTimersInit
 .text.vMBPortTimersEnable
                0x000000000800278c       0x1c Middlewares/Third_Party/modbus/port/porttimer.o
                0x000000000800278c                vMBPortTimersEnable
 .text.vMBPortTimersDisable
                0x00000000080027a8        0xc Middlewares/Third_Party/modbus/port/porttimer.o
                0x00000000080027a8                vMBPortTimersDisable
 .text.usMBCRC16
                0x00000000080027b4       0x2c Middlewares/Third_Party/modbus/rtu/mbcrc.o
                0x00000000080027b4                usMBCRC16
 .text.eMBRTUInit
                0x00000000080027e0       0x3c Middlewares/Third_Party/modbus/rtu/mbrtu.o
                0x00000000080027e0                eMBRTUInit
 .text.eMBRTUStart
                0x000000000800281c       0x1c Middlewares/Third_Party/modbus/rtu/mbrtu.o
                0x000000000800281c                eMBRTUStart
 .text.eMBRTUStop
                0x0000000008002838       0x14 Middlewares/Third_Party/modbus/rtu/mbrtu.o
                0x0000000008002838                eMBRTUStop
 .text.eMBRTUReceive
                0x000000000800284c       0x68 Middlewares/Third_Party/modbus/rtu/mbrtu.o
                0x000000000800284c                eMBRTUReceive
 .text.eMBRTUSend
                0x00000000080028b4       0x7c Middlewares/Third_Party/modbus/rtu/mbrtu.o
                0x00000000080028b4                eMBRTUSend
 .text.xMBRTUReceiveFSM
                0x0000000008002930       0x94 Middlewares/Third_Party/modbus/rtu/mbrtu.o
                0x0000000008002930                xMBRTUReceiveFSM
 .text.xMBRTUTransmitFSM
                0x00000000080029c4       0x88 Middlewares/Third_Party/modbus/rtu/mbrtu.o
                0x00000000080029c4                xMBRTUTransmitFSM
 .text.xMBRTUTimerT35Expired
                0x0000000008002a4c       0x64 Middlewares/Third_Party/modbus/rtu/mbrtu.o
                0x0000000008002a4c                xMBRTUTimerT35Expired
 .text.StartDefaultTask
                0x0000000008002ab0       0x24 Src/main.o
                0x0000000008002ab0                StartDefaultTask
 .text.SystemClock_Config
                0x0000000008002ad4       0x98 Src/main.o
                0x0000000008002ad4                SystemClock_Config
 .text.startup.main
                0x0000000008002b6c      0x27c Src/main.o
                0x0000000008002b6c                main
 .text.HAL_TIM_PeriodElapsedCallback
                0x0000000008002de8       0x14 Src/main.o
                0x0000000008002de8                HAL_TIM_PeriodElapsedCallback
 .text.ModbusRTUTask
                0x0000000008002dfc       0x44 Src/mdtask.o
                0x0000000008002dfc                ModbusRTUTask
 .text.eMBRegInputCB
                0x0000000008002e40       0x58 Src/mdtask.o
                0x0000000008002e40                eMBRegInputCB
 .text.eMBRegHoldingCB
                0x0000000008002e98        0x4 Src/mdtask.o
                0x0000000008002e98                eMBRegHoldingCB
 .text.eMBRegCoilsCB
                0x0000000008002e9c        0x4 Src/mdtask.o
                0x0000000008002e9c                eMBRegCoilsCB
 .text.eMBRegDiscreteCB
                0x0000000008002ea0        0x4 Src/mdtask.o
                0x0000000008002ea0                eMBRegDiscreteCB
 .text.HAL_MspInit
                0x0000000008002ea4       0x44 Src/stm32f4xx_hal_msp.o
                0x0000000008002ea4                HAL_MspInit
 .text.HAL_TIM_Base_MspInit
                0x0000000008002ee8       0x3c Src/stm32f4xx_hal_msp.o
                0x0000000008002ee8                HAL_TIM_Base_MspInit
 .text.HAL_UART_MspInit
                0x0000000008002f24       0x80 Src/stm32f4xx_hal_msp.o
                0x0000000008002f24                HAL_UART_MspInit
 .text.HAL_InitTick
                0x0000000008002fa4       0x7c Src/stm32f4xx_hal_timebase_tim.o
                0x0000000008002fa4                HAL_InitTick
 .text.USART2_IRQHandler
                0x0000000008003020       0x54 Src/stm32f4xx_it.o
                0x0000000008003020                USART2_IRQHandler
 .text.TIM6_DAC_IRQHandler
                0x0000000008003074        0xc Src/stm32f4xx_it.o
                0x0000000008003074                TIM6_DAC_IRQHandler
 .text.TIM7_IRQHandler
                0x0000000008003080       0x40 Src/stm32f4xx_it.o
                0x0000000008003080                TIM7_IRQHandler
 .text.SystemInit
                0x00000000080030c0       0x4c Src/system_stm32f4xx.o
                0x00000000080030c0                SystemInit
 .text.Reset_Handler
                0x000000000800310c       0x50 startup/startup_stm32f407xx.o
                0x000000000800310c                Reset_Handler
 .text.Default_Handler
                0x000000000800315c        0x2 startup/startup_stm32f407xx.o
                0x000000000800315c                RTC_Alarm_IRQHandler
                0x000000000800315c                HASH_RNG_IRQHandler
                0x000000000800315c                EXTI2_IRQHandler
                0x000000000800315c                TIM8_CC_IRQHandler
                0x000000000800315c                DebugMon_Handler
                0x000000000800315c                TIM1_CC_IRQHandler
                0x000000000800315c                DMA2_Stream5_IRQHandler
                0x000000000800315c                HardFault_Handler
                0x000000000800315c                DMA1_Stream5_IRQHandler
                0x000000000800315c                PVD_IRQHandler
                0x000000000800315c                SDIO_IRQHandler
                0x000000000800315c                TAMP_STAMP_IRQHandler
                0x000000000800315c                NMI_Handler
                0x000000000800315c                CAN2_RX1_IRQHandler
                0x000000000800315c                EXTI3_IRQHandler
                0x000000000800315c                TIM8_TRG_COM_TIM14_IRQHandler
                0x000000000800315c                TIM1_UP_TIM10_IRQHandler
                0x000000000800315c                TIM8_UP_TIM13_IRQHandler
                0x000000000800315c                I2C3_ER_IRQHandler
                0x000000000800315c                EXTI0_IRQHandler
                0x000000000800315c                I2C2_EV_IRQHandler
                0x000000000800315c                DMA1_Stream2_IRQHandler
                0x000000000800315c                CAN1_RX0_IRQHandler
                0x000000000800315c                FPU_IRQHandler
                0x000000000800315c                OTG_HS_WKUP_IRQHandler
                0x000000000800315c                UsageFault_Handler
                0x000000000800315c                CAN2_SCE_IRQHandler
                0x000000000800315c                DMA2_Stream2_IRQHandler
                0x000000000800315c                SPI1_IRQHandler
                0x000000000800315c                TIM1_BRK_TIM9_IRQHandler
                0x000000000800315c                DCMI_IRQHandler
                0x000000000800315c                CAN2_RX0_IRQHandler
                0x000000000800315c                DMA2_Stream3_IRQHandler
                0x000000000800315c                USART6_IRQHandler
                0x000000000800315c                USART3_IRQHandler
                0x000000000800315c                CAN1_RX1_IRQHandler
                0x000000000800315c                UART5_IRQHandler
                0x000000000800315c                DMA2_Stream0_IRQHandler
                0x000000000800315c                TIM4_IRQHandler
                0x000000000800315c                I2C1_EV_IRQHandler
                0x000000000800315c                DMA1_Stream6_IRQHandler
                0x000000000800315c                DMA1_Stream1_IRQHandler
                0x000000000800315c                UART4_IRQHandler
                0x000000000800315c                TIM3_IRQHandler
                0x000000000800315c                RCC_IRQHandler
                0x000000000800315c                TIM8_BRK_TIM12_IRQHandler
                0x000000000800315c                Default_Handler
                0x000000000800315c                EXTI15_10_IRQHandler
                0x000000000800315c                ADC_IRQHandler
                0x000000000800315c                DMA1_Stream7_IRQHandler
                0x000000000800315c                CAN2_TX_IRQHandler
                0x000000000800315c                TIM5_IRQHandler
                0x000000000800315c                DMA2_Stream7_IRQHandler
                0x000000000800315c                I2C3_EV_IRQHandler
                0x000000000800315c                EXTI9_5_IRQHandler
                0x000000000800315c                RTC_WKUP_IRQHandler
                0x000000000800315c                ETH_WKUP_IRQHandler
                0x000000000800315c                SPI2_IRQHandler
                0x000000000800315c                OTG_HS_EP1_IN_IRQHandler
                0x000000000800315c                MemManage_Handler
                0x000000000800315c                DMA1_Stream0_IRQHandler
                0x000000000800315c                CAN1_TX_IRQHandler
                0x000000000800315c                EXTI4_IRQHandler
                0x000000000800315c                FSMC_IRQHandler
                0x000000000800315c                ETH_IRQHandler
                0x000000000800315c                OTG_HS_EP1_OUT_IRQHandler
                0x000000000800315c                WWDG_IRQHandler
                0x000000000800315c                TIM2_IRQHandler
                0x000000000800315c                OTG_FS_WKUP_IRQHandler
                0x000000000800315c                TIM1_TRG_COM_TIM11_IRQHandler
                0x000000000800315c                OTG_HS_IRQHandler
                0x000000000800315c                EXTI1_IRQHandler
                0x000000000800315c                I2C2_ER_IRQHandler
                0x000000000800315c                DMA2_Stream1_IRQHandler
                0x000000000800315c                CAN1_SCE_IRQHandler
                0x000000000800315c                FLASH_IRQHandler
                0x000000000800315c                DMA2_Stream4_IRQHandler
                0x000000000800315c                BusFault_Handler
                0x000000000800315c                USART1_IRQHandler
                0x000000000800315c                OTG_FS_IRQHandler
                0x000000000800315c                SPI3_IRQHandler
                0x000000000800315c                DMA1_Stream4_IRQHandler
                0x000000000800315c                I2C1_ER_IRQHandler
                0x000000000800315c                DMA2_Stream6_IRQHandler
                0x000000000800315c                DMA1_Stream3_IRQHandler
 *fill*         0x000000000800315e        0x2 
 .text.__assert_func
                0x0000000008003160       0x3c /opt/Atollic_TrueSTUDIO_for_STM32_x86_64_9.2.0/ARMTools/bin/../lib/gcc/arm-atollic-eabi/6.3.1/../../../../arm-atollic-eabi/lib/armv7e-m/fpu/libc_nano.a(lib_a-assert.o)
                0x0000000008003160                __assert_func
 .text.fprintf  0x000000000800319c       0x24 /opt/Atollic_TrueSTUDIO_for_STM32_x86_64_9.2.0/ARMTools/bin/../lib/gcc/arm-atollic-eabi/6.3.1/../../../../arm-atollic-eabi/lib/armv7e-m/fpu/libc_nano.a(lib_a-fprintf.o)
                0x000000000800319c                fprintf
                0x000000000800319c                fiprintf
 .text.__libc_init_array
                0x00000000080031c0       0x48 /opt/Atollic_TrueSTUDIO_for_STM32_x86_64_9.2.0/ARMTools/bin/../lib/gcc/arm-atollic-eabi/6.3.1/../../../../arm-atollic-eabi/lib/armv7e-m/fpu/libc_nano.a(lib_a-init.o)
                0x00000000080031c0                __libc_init_array
 .text.memcpy   0x0000000008003208       0x16 /opt/Atollic_TrueSTUDIO_for_STM32_x86_64_9.2.0/ARMTools/bin/../lib/gcc/arm-atollic-eabi/6.3.1/../../../../arm-atollic-eabi/lib/armv7e-m/fpu/libc_nano.a(lib_a-memcpy-stub.o)
                0x0000000008003208                memcpy
 .text.memset   0x000000000800321e       0x10 /opt/Atollic_TrueSTUDIO_for_STM32_x86_64_9.2.0/ARMTools/bin/../lib/gcc/arm-atollic-eabi/6.3.1/../../../../arm-atollic-eabi/lib/armv7e-m/fpu/libc_nano.a(lib_a-memset.o)
                0x000000000800321e                memset
 .text.__sfputc_r
                0x000000000800322e       0x30 /opt/Atollic_TrueSTUDIO_for_STM32_x86_64_9.2.0/ARMTools/bin/../lib/gcc/arm-atollic-eabi/6.3.1/../../../../arm-atollic-eabi/lib/armv7e-m/fpu/libc_nano.a(lib_a-nano-vfprintf.o)
 .text.__sfputs_r
                0x000000000800325e       0x24 /opt/Atollic_TrueSTUDIO_for_STM32_x86_64_9.2.0/ARMTools/bin/../lib/gcc/arm-atollic-eabi/6.3.1/../../../../arm-atollic-eabi/lib/armv7e-m/fpu/libc_nano.a(lib_a-nano-vfprintf.o)
                0x000000000800325e                __sfputs_r
 *fill*         0x0000000008003282        0x2 
 .text._vfprintf_r
                0x0000000008003284      0x22c /opt/Atollic_TrueSTUDIO_for_STM32_x86_64_9.2.0/ARMTools/bin/../lib/gcc/arm-atollic-eabi/6.3.1/../../../../arm-atollic-eabi/lib/armv7e-m/fpu/libc_nano.a(lib_a-nano-vfprintf.o)
                0x0000000008003284                _vfiprintf_r
                0x0000000008003284                _vfprintf_r
 .text._printf_common
                0x00000000080034b0       0xec /opt/Atollic_TrueSTUDIO_for_STM32_x86_64_9.2.0/ARMTools/bin/../lib/gcc/arm-atollic-eabi/6.3.1/../../../../arm-atollic-eabi/lib/armv7e-m/fpu/libc_nano.a(lib_a-nano-vfprintf_i.o)
                0x00000000080034b0                _printf_common
 .text._printf_i
                0x000000000800359c      0x240 /opt/Atollic_TrueSTUDIO_for_STM32_x86_64_9.2.0/ARMTools/bin/../lib/gcc/arm-atollic-eabi/6.3.1/../../../../arm-atollic-eabi/lib/armv7e-m/fpu/libc_nano.a(lib_a-nano-vfprintf_i.o)
                0x000000000800359c                _printf_i
 .text.__swbuf_r
                0x00000000080037dc       0xa4 /opt/Atollic_TrueSTUDIO_for_STM32_x86_64_9.2.0/ARMTools/bin/../lib/gcc/arm-atollic-eabi/6.3.1/../../../../arm-atollic-eabi/lib/armv7e-m/fpu/libc_nano.a(lib_a-wbuf.o)
                0x00000000080037dc                __swbuf_r
 .text.__swsetup_r
                0x0000000008003880       0xdc /opt/Atollic_TrueSTUDIO_for_STM32_x86_64_9.2.0/ARMTools/bin/../lib/gcc/arm-atollic-eabi/6.3.1/../../../../arm-atollic-eabi/lib/armv7e-m/fpu/libc_nano.a(lib_a-wsetup.o)
                0x0000000008003880                __swsetup_r
 .text.abort    0x000000000800395c        0xe /opt/Atollic_TrueSTUDIO_for_STM32_x86_64_9.2.0/ARMTools/bin/../lib/gcc/arm-atollic-eabi/6.3.1/../../../../arm-atollic-eabi/lib/armv7e-m/fpu/libc_nano.a(lib_a-abort.o)
                0x000000000800395c                abort
 *fill*         0x000000000800396a        0x2 
 .text.__sflush_r
                0x000000000800396c      0x110 /opt/Atollic_TrueSTUDIO_for_STM32_x86_64_9.2.0/ARMTools/bin/../lib/gcc/arm-atollic-eabi/6.3.1/../../../../arm-atollic-eabi/lib/armv7e-m/fpu/libc_nano.a(lib_a-fflush.o)
                0x000000000800396c                __sflush_r
 .text._fflush_r
                0x0000000008003a7c       0x54 /opt/Atollic_TrueSTUDIO_for_STM32_x86_64_9.2.0/ARMTools/bin/../lib/gcc/arm-atollic-eabi/6.3.1/../../../../arm-atollic-eabi/lib/armv7e-m/fpu/libc_nano.a(lib_a-fflush.o)
                0x0000000008003a7c                _fflush_r
 .text._cleanup_r
                0x0000000008003ad0        0xc /opt/Atollic_TrueSTUDIO_for_STM32_x86_64_9.2.0/ARMTools/bin/../lib/gcc/arm-atollic-eabi/6.3.1/../../../../arm-atollic-eabi/lib/armv7e-m/fpu/libc_nano.a(lib_a-findfp.o)
                0x0000000008003ad0                _cleanup_r
 .text.std.isra.0
                0x0000000008003adc       0x48 /opt/Atollic_TrueSTUDIO_for_STM32_x86_64_9.2.0/ARMTools/bin/../lib/gcc/arm-atollic-eabi/6.3.1/../../../../arm-atollic-eabi/lib/armv7e-m/fpu/libc_nano.a(lib_a-findfp.o)
 .text.__sfmoreglue
                0x0000000008003b24       0x2c /opt/Atollic_TrueSTUDIO_for_STM32_x86_64_9.2.0/ARMTools/bin/../lib/gcc/arm-atollic-eabi/6.3.1/../../../../arm-atollic-eabi/lib/armv7e-m/fpu/libc_nano.a(lib_a-findfp.o)
                0x0000000008003b24                __sfmoreglue
 .text.__sinit  0x0000000008003b50       0x60 /opt/Atollic_TrueSTUDIO_for_STM32_x86_64_9.2.0/ARMTools/bin/../lib/gcc/arm-atollic-eabi/6.3.1/../../../../arm-atollic-eabi/lib/armv7e-m/fpu/libc_nano.a(lib_a-findfp.o)
                0x0000000008003b50                __sinit
 .text.__sfp    0x0000000008003bb0       0x78 /opt/Atollic_TrueSTUDIO_for_STM32_x86_64_9.2.0/ARMTools/bin/../lib/gcc/arm-atollic-eabi/6.3.1/../../../../arm-atollic-eabi/lib/armv7e-m/fpu/libc_nano.a(lib_a-findfp.o)
                0x0000000008003bb0                __sfp
 .text._fwalk_reent
                0x0000000008003c28       0x3c /opt/Atollic_TrueSTUDIO_for_STM32_x86_64_9.2.0/ARMTools/bin/../lib/gcc/arm-atollic-eabi/6.3.1/../../../../arm-atollic-eabi/lib/armv7e-m/fpu/libc_nano.a(lib_a-fwalk.o)
                0x0000000008003c28                _fwalk_reent
 .text.__swhatbuf_r
                0x0000000008003c64       0x48 /opt/Atollic_TrueSTUDIO_for_STM32_x86_64_9.2.0/ARMTools/bin/../lib/gcc/arm-atollic-eabi/6.3.1/../../../../arm-atollic-eabi/lib/armv7e-m/fpu/libc_nano.a(lib_a-makebuf.o)
                0x0000000008003c64                __swhatbuf_r
 .text.__smakebuf_r
                0x0000000008003cac       0x80 /opt/Atollic_TrueSTUDIO_for_STM32_x86_64_9.2.0/ARMTools/bin/../lib/gcc/arm-atollic-eabi/6.3.1/../../../../arm-atollic-eabi/lib/armv7e-m/fpu/libc_nano.a(lib_a-makebuf.o)
                0x0000000008003cac                __smakebuf_r
 .text._free_r  0x0000000008003d2c       0x9c /opt/Atollic_TrueSTUDIO_for_STM32_x86_64_9.2.0/ARMTools/bin/../lib/gcc/arm-atollic-eabi/6.3.1/../../../../arm-atollic-eabi/lib/armv7e-m/fpu/libc_nano.a(lib_a-nano-freer.o)
                0x0000000008003d2c                _free_r
 .text._malloc_r
                0x0000000008003dc8       0xbc /opt/Atollic_TrueSTUDIO_for_STM32_x86_64_9.2.0/ARMTools/bin/../lib/gcc/arm-atollic-eabi/6.3.1/../../../../arm-atollic-eabi/lib/armv7e-m/fpu/libc_nano.a(lib_a-nano-mallocr.o)
                0x0000000008003dc8                _malloc_r
 .text._sbrk_r  0x0000000008003e84       0x20 /opt/Atollic_TrueSTUDIO_for_STM32_x86_64_9.2.0/ARMTools/bin/../lib/gcc/arm-atollic-eabi/6.3.1/../../../../arm-atollic-eabi/lib/armv7e-m/fpu/libc_nano.a(lib_a-sbrkr.o)
                0x0000000008003e84                _sbrk_r
 .text._raise_r
                0x0000000008003ea4       0x50 /opt/Atollic_TrueSTUDIO_for_STM32_x86_64_9.2.0/ARMTools/bin/../lib/gcc/arm-atollic-eabi/6.3.1/../../../../arm-atollic-eabi/lib/armv7e-m/fpu/libc_nano.a(lib_a-signal.o)
                0x0000000008003ea4                _raise_r
 .text.raise    0x0000000008003ef4       0x10 /opt/Atollic_TrueSTUDIO_for_STM32_x86_64_9.2.0/ARMTools/bin/../lib/gcc/arm-atollic-eabi/6.3.1/../../../../arm-atollic-eabi/lib/armv7e-m/fpu/libc_nano.a(lib_a-signal.o)
                0x0000000008003ef4                raise
 .text._kill_r  0x0000000008003f04       0x24 /opt/Atollic_TrueSTUDIO_for_STM32_x86_64_9.2.0/ARMTools/bin/../lib/gcc/arm-atollic-eabi/6.3.1/../../../../arm-atollic-eabi/lib/armv7e-m/fpu/libc_nano.a(lib_a-signalr.o)
                0x0000000008003f04                _kill_r
 .text._getpid_r
                0x0000000008003f28        0x4 /opt/Atollic_TrueSTUDIO_for_STM32_x86_64_9.2.0/ARMTools/bin/../lib/gcc/arm-atollic-eabi/6.3.1/../../../../arm-atollic-eabi/lib/armv7e-m/fpu/libc_nano.a(lib_a-signalr.o)
                0x0000000008003f28                _getpid_r
 .text.__sread  0x0000000008003f2c       0x22 /opt/Atollic_TrueSTUDIO_for_STM32_x86_64_9.2.0/ARMTools/bin/../lib/gcc/arm-atollic-eabi/6.3.1/../../../../arm-atollic-eabi/lib/armv7e-m/fpu/libc_nano.a(lib_a-stdio.o)
                0x0000000008003f2c                __sread
 .text.__swrite
                0x0000000008003f4e       0x38 /opt/Atollic_TrueSTUDIO_for_STM32_x86_64_9.2.0/ARMTools/bin/../lib/gcc/arm-atollic-eabi/6.3.1/../../../../arm-atollic-eabi/lib/armv7e-m/fpu/libc_nano.a(lib_a-stdio.o)
                0x0000000008003f4e                __swrite
 .text.__sseek  0x0000000008003f86       0x24 /opt/Atollic_TrueSTUDIO_for_STM32_x86_64_9.2.0/ARMTools/bin/../lib/gcc/arm-atollic-eabi/6.3.1/../../../../arm-atollic-eabi/lib/armv7e-m/fpu/libc_nano.a(lib_a-stdio.o)
                0x0000000008003f86                __sseek
 .text.__sclose
                0x0000000008003faa        0x8 /opt/Atollic_TrueSTUDIO_for_STM32_x86_64_9.2.0/ARMTools/bin/../lib/gcc/arm-atollic-eabi/6.3.1/../../../../arm-atollic-eabi/lib/armv7e-m/fpu/libc_nano.a(lib_a-stdio.o)
                0x0000000008003faa                __sclose
 *fill*         0x0000000008003fb2        0x2 
 .text._write_r
                0x0000000008003fb4       0x24 /opt/Atollic_TrueSTUDIO_for_STM32_x86_64_9.2.0/ARMTools/bin/../lib/gcc/arm-atollic-eabi/6.3.1/../../../../arm-atollic-eabi/lib/armv7e-m/fpu/libc_nano.a(lib_a-writer.o)
                0x0000000008003fb4                _write_r
 .text._close_r
                0x0000000008003fd8       0x20 /opt/Atollic_TrueSTUDIO_for_STM32_x86_64_9.2.0/ARMTools/bin/../lib/gcc/arm-atollic-eabi/6.3.1/../../../../arm-atollic-eabi/lib/armv7e-m/fpu/libc_nano.a(lib_a-closer.o)
                0x0000000008003fd8                _close_r
 .text._fstat_r
                0x0000000008003ff8       0x24 /opt/Atollic_TrueSTUDIO_for_STM32_x86_64_9.2.0/ARMTools/bin/../lib/gcc/arm-atollic-eabi/6.3.1/../../../../arm-atollic-eabi/lib/armv7e-m/fpu/libc_nano.a(lib_a-fstatr.o)
                0x0000000008003ff8                _fstat_r
 .text._isatty_r
                0x000000000800401c       0x20 /opt/Atollic_TrueSTUDIO_for_STM32_x86_64_9.2.0/ARMTools/bin/../lib/gcc/arm-atollic-eabi/6.3.1/../../../../arm-atollic-eabi/lib/armv7e-m/fpu/libc_nano.a(lib_a-isattyr.o)
                0x000000000800401c                _isatty_r
 .text._lseek_r
                0x000000000800403c       0x24 /opt/Atollic_TrueSTUDIO_for_STM32_x86_64_9.2.0/ARMTools/bin/../lib/gcc/arm-atollic-eabi/6.3.1/../../../../arm-atollic-eabi/lib/armv7e-m/fpu/libc_nano.a(lib_a-lseekr.o)
                0x000000000800403c                _lseek_r
 .text.__malloc_lock
                0x0000000008004060        0x2 /opt/Atollic_TrueSTUDIO_for_STM32_x86_64_9.2.0/ARMTools/bin/../lib/gcc/arm-atollic-eabi/6.3.1/../../../../arm-atollic-eabi/lib/armv7e-m/fpu/libc_nano.a(lib_a-mlock.o)
                0x0000000008004060                __malloc_lock
 .text.__malloc_unlock
                0x0000000008004062        0x2 /opt/Atollic_TrueSTUDIO_for_STM32_x86_64_9.2.0/ARMTools/bin/../lib/gcc/arm-atollic-eabi/6.3.1/../../../../arm-atollic-eabi/lib/armv7e-m/fpu/libc_nano.a(lib_a-mlock.o)
                0x0000000008004062                __malloc_unlock
 .text._read_r  0x0000000008004064       0x24 /opt/Atollic_TrueSTUDIO_for_STM32_x86_64_9.2.0/ARMTools/bin/../lib/gcc/arm-atollic-eabi/6.3.1/../../../../arm-atollic-eabi/lib/armv7e-m/fpu/libc_nano.a(lib_a-readr.o)
                0x0000000008004064                _read_r
 .text._close   0x0000000008004088       0x10 /opt/Atollic_TrueSTUDIO_for_STM32_x86_64_9.2.0/ARMTools/bin/../lib/gcc/arm-atollic-eabi/6.3.1/../../../../arm-atollic-eabi/lib/armv7e-m/fpu/libnosys.a(close.o)
                0x0000000008004088                _close
 .text._fstat   0x0000000008004098       0x10 /opt/Atollic_TrueSTUDIO_for_STM32_x86_64_9.2.0/ARMTools/bin/../lib/gcc/arm-atollic-eabi/6.3.1/../../../../arm-atollic-eabi/lib/armv7e-m/fpu/libnosys.a(fstat.o)
                0x0000000008004098                _fstat
 .text._getpid  0x00000000080040a8       0x10 /opt/Atollic_TrueSTUDIO_for_STM32_x86_64_9.2.0/ARMTools/bin/../lib/gcc/arm-atollic-eabi/6.3.1/../../../../arm-atollic-eabi/lib/armv7e-m/fpu/libnosys.a(getpid.o)
                0x00000000080040a8                _getpid
 .text._isatty  0x00000000080040b8       0x10 /opt/Atollic_TrueSTUDIO_for_STM32_x86_64_9.2.0/ARMTools/bin/../lib/gcc/arm-atollic-eabi/6.3.1/../../../../arm-atollic-eabi/lib/armv7e-m/fpu/libnosys.a(isatty.o)
                0x00000000080040b8                _isatty
 .text._kill    0x00000000080040c8       0x10 /opt/Atollic_TrueSTUDIO_for_STM32_x86_64_9.2.0/ARMTools/bin/../lib/gcc/arm-atollic-eabi/6.3.1/../../../../arm-atollic-eabi/lib/armv7e-m/fpu/libnosys.a(kill.o)
                0x00000000080040c8                _kill
 .text._lseek   0x00000000080040d8       0x10 /opt/Atollic_TrueSTUDIO_for_STM32_x86_64_9.2.0/ARMTools/bin/../lib/gcc/arm-atollic-eabi/6.3.1/../../../../arm-atollic-eabi/lib/armv7e-m/fpu/libnosys.a(lseek.o)
                0x00000000080040d8                _lseek
 .text._read    0x00000000080040e8       0x10 /opt/Atollic_TrueSTUDIO_for_STM32_x86_64_9.2.0/ARMTools/bin/../lib/gcc/arm-atollic-eabi/6.3.1/../../../../arm-atollic-eabi/lib/armv7e-m/fpu/libnosys.a(read.o)
                0x00000000080040e8                _read
 .text._sbrk    0x00000000080040f8       0x1c /opt/Atollic_TrueSTUDIO_for_STM32_x86_64_9.2.0/ARMTools/bin/../lib/gcc/arm-atollic-eabi/6.3.1/../../../../arm-atollic-eabi/lib/armv7e-m/fpu/libnosys.a(sbrk.o)
                0x00000000080040f8                _sbrk
 .text._write   0x0000000008004114       0x10 /opt/Atollic_TrueSTUDIO_for_STM32_x86_64_9.2.0/ARMTools/bin/../lib/gcc/arm-atollic-eabi/6.3.1/../../../../arm-atollic-eabi/lib/armv7e-m/fpu/libnosys.a(write.o)
                0x0000000008004114                _write
 .text._exit    0x0000000008004124        0x2 /opt/Atollic_TrueSTUDIO_for_STM32_x86_64_9.2.0/ARMTools/bin/../lib/gcc/arm-atollic-eabi/6.3.1/../../../../arm-atollic-eabi/lib/armv7e-m/fpu/libnosys.a(_exit.o)
                0x0000000008004124                _exit
 *(.glue_7)
 .glue_7        0x0000000008004126        0x0 linker stubs
 *(.glue_7t)
 .glue_7t       0x0000000008004126        0x0 linker stubs
 *(.eh_frame)
 *fill*         0x0000000008004126        0x2 
 .eh_frame      0x0000000008004128        0x0 /opt/Atollic_TrueSTUDIO_for_STM32_x86_64_9.2.0/ARMTools/bin/../lib/gcc/arm-atollic-eabi/6.3.1/armv7e-m/fpu/crtbegin.o
 *(.init)
 .init          0x0000000008004128        0x4 /opt/Atollic_TrueSTUDIO_for_STM32_x86_64_9.2.0/ARMTools/bin/../lib/gcc/arm-atollic-eabi/6.3.1/armv7e-m/fpu/crti.o
                0x0000000008004128                _init
 .init          0x000000000800412c        0x8 /opt/Atollic_TrueSTUDIO_for_STM32_x86_64_9.2.0/ARMTools/bin/../lib/gcc/arm-atollic-eabi/6.3.1/armv7e-m/fpu/crtn.o
 *(.fini)
 .fini          0x0000000008004134        0x4 /opt/Atollic_TrueSTUDIO_for_STM32_x86_64_9.2.0/ARMTools/bin/../lib/gcc/arm-atollic-eabi/6.3.1/armv7e-m/fpu/crti.o
                0x0000000008004134                _fini
 .fini          0x0000000008004138        0x8 /opt/Atollic_TrueSTUDIO_for_STM32_x86_64_9.2.0/ARMTools/bin/../lib/gcc/arm-atollic-eabi/6.3.1/armv7e-m/fpu/crtn.o
                0x0000000008004140                . = ALIGN (0x4)
                0x0000000008004140                _etext = .

.vfp11_veneer   0x0000000008004140        0x0
 .vfp11_veneer  0x0000000008004140        0x0 linker stubs

.v4_bx          0x0000000008004140        0x0
 .v4_bx         0x0000000008004140        0x0 linker stubs

.iplt           0x0000000008004140        0x0
 .iplt          0x0000000008004140        0x0 /opt/Atollic_TrueSTUDIO_for_STM32_x86_64_9.2.0/ARMTools/bin/../lib/gcc/arm-atollic-eabi/6.3.1/armv7e-m/fpu/crtbegin.o

.rodata         0x0000000008004140      0x46c
                0x0000000008004140                . = ALIGN (0x4)
 *(.rodata)
 .rodata        0x0000000008004140       0x28 Src/main.o
 *(.rodata*)
 .rodata.vTaskStartScheduler.str1.1
                0x0000000008004168        0x0 Middlewares/Third_Party/FreeRTOS/Source/tasks.o
                                          0x5 (size before relaxing)
 .rodata.CSWTCH.7
                0x0000000008004168        0x8 Middlewares/Third_Party/modbus/functions/mbutils.o
 .rodata.aucCRCHi
                0x0000000008004170      0x100 Middlewares/Third_Party/modbus/rtu/mbcrc.o
 .rodata.aucCRCLo
                0x0000000008004270      0x100 Middlewares/Third_Party/modbus/rtu/mbcrc.o
 .rodata.__func__.9528
                0x0000000008004370        0xe Middlewares/Third_Party/modbus/rtu/mbrtu.o
 .rodata.__func__.9541
                0x000000000800437e       0x11 Middlewares/Third_Party/modbus/rtu/mbrtu.o
 .rodata.__func__.9551
                0x000000000800438f       0x12 Middlewares/Third_Party/modbus/rtu/mbrtu.o
 .rodata.__func__.9564
                0x00000000080043a1       0x16 Middlewares/Third_Party/modbus/rtu/mbrtu.o
 .rodata.eMBRTUReceive.str1.1
                0x00000000080043b7       0x53 Middlewares/Third_Party/modbus/rtu/mbrtu.o
 .rodata.xMBRTUReceiveFSM.str1.1
                0x000000000800440a       0x1b Middlewares/Third_Party/modbus/rtu/mbrtu.o
 .rodata.xMBRTUTimerT35Expired.str1.1
                0x0000000008004425       0x63 Middlewares/Third_Party/modbus/rtu/mbrtu.o
 .rodata.xMBRTUTransmitFSM.str1.1
                0x0000000008004488       0x1b Middlewares/Third_Party/modbus/rtu/mbrtu.o
 .rodata.str1.1
                0x00000000080044a3       0x1a Src/main.o
 .rodata.AHBPrescTable
                0x00000000080044bd       0x10 Src/system_stm32f4xx.o
                0x00000000080044bd                AHBPrescTable
 .rodata.APBPrescTable
                0x00000000080044cd        0x8 Src/system_stm32f4xx.o
                0x00000000080044cd                APBPrescTable
 .rodata.__assert_func.str1.1
                0x00000000080044d5       0x3c /opt/Atollic_TrueSTUDIO_for_STM32_x86_64_9.2.0/ARMTools/bin/../lib/gcc/arm-atollic-eabi/6.3.1/../../../../arm-atollic-eabi/lib/armv7e-m/fpu/libc_nano.a(lib_a-assert.o)
                                         0x3d (size before relaxing)
 *fill*         0x0000000008004511        0x3 
 .rodata._global_impure_ptr
                0x0000000008004514        0x4 /opt/Atollic_TrueSTUDIO_for_STM32_x86_64_9.2.0/ARMTools/bin/../lib/gcc/arm-atollic-eabi/6.3.1/../../../../arm-atollic-eabi/lib/armv7e-m/fpu/libc_nano.a(lib_a-impure.o)
                0x0000000008004514                _global_impure_ptr
 .rodata._vfprintf_r.str1.1
                0x0000000008004518       0x11 /opt/Atollic_TrueSTUDIO_for_STM32_x86_64_9.2.0/ARMTools/bin/../lib/gcc/arm-atollic-eabi/6.3.1/../../../../arm-atollic-eabi/lib/armv7e-m/fpu/libc_nano.a(lib_a-nano-vfprintf.o)
 .rodata._printf_i.str1.1
                0x0000000008004529       0x22 /opt/Atollic_TrueSTUDIO_for_STM32_x86_64_9.2.0/ARMTools/bin/../lib/gcc/arm-atollic-eabi/6.3.1/../../../../arm-atollic-eabi/lib/armv7e-m/fpu/libc_nano.a(lib_a-nano-vfprintf_i.o)
 *fill*         0x000000000800454b        0x1 
 .rodata.__sf_fake_stderr
                0x000000000800454c       0x20 /opt/Atollic_TrueSTUDIO_for_STM32_x86_64_9.2.0/ARMTools/bin/../lib/gcc/arm-atollic-eabi/6.3.1/../../../../arm-atollic-eabi/lib/armv7e-m/fpu/libc_nano.a(lib_a-findfp.o)
                0x000000000800454c                __sf_fake_stderr
 .rodata.__sf_fake_stdin
                0x000000000800456c       0x20 /opt/Atollic_TrueSTUDIO_for_STM32_x86_64_9.2.0/ARMTools/bin/../lib/gcc/arm-atollic-eabi/6.3.1/../../../../arm-atollic-eabi/lib/armv7e-m/fpu/libc_nano.a(lib_a-findfp.o)
                0x000000000800456c                __sf_fake_stdin
 .rodata.__sf_fake_stdout
                0x000000000800458c       0x20 /opt/Atollic_TrueSTUDIO_for_STM32_x86_64_9.2.0/ARMTools/bin/../lib/gcc/arm-atollic-eabi/6.3.1/../../../../arm-atollic-eabi/lib/armv7e-m/fpu/libc_nano.a(lib_a-findfp.o)
                0x000000000800458c                __sf_fake_stdout
                0x00000000080045ac                . = ALIGN (0x4)

.ARM.extab
 *(.ARM.extab* .gnu.linkonce.armextab.*)

.ARM            0x00000000080045ac        0x8
                0x00000000080045ac                __exidx_start = .
 *(.ARM.exidx*)
 .ARM.exidx     0x00000000080045ac        0x8 /opt/Atollic_TrueSTUDIO_for_STM32_x86_64_9.2.0/ARMTools/bin/../lib/gcc/arm-atollic-eabi/6.3.1/armv7e-m/fpu/libgcc.a(_udivmoddi4.o)
                0x00000000080045b4                __exidx_end = .

.rel.dyn        0x00000000080045b4        0x0
 .rel.iplt      0x00000000080045b4        0x0 /opt/Atollic_TrueSTUDIO_for_STM32_x86_64_9.2.0/ARMTools/bin/../lib/gcc/arm-atollic-eabi/6.3.1/armv7e-m/fpu/crtbegin.o

.preinit_array  0x00000000080045b4        0x0
                0x00000000080045b4                PROVIDE (__preinit_array_start, .)
 *(.preinit_array*)
                0x00000000080045b4                PROVIDE (__preinit_array_end, .)

.init_array     0x00000000080045b4        0x4
                0x00000000080045b4                PROVIDE (__init_array_start, .)
 *(SORT(.init_array.*))
 *(.init_array*)
 .init_array    0x00000000080045b4        0x4 /opt/Atollic_TrueSTUDIO_for_STM32_x86_64_9.2.0/ARMTools/bin/../lib/gcc/arm-atollic-eabi/6.3.1/armv7e-m/fpu/crtbegin.o
                0x00000000080045b8                PROVIDE (__init_array_end, .)

.fini_array     0x00000000080045b8        0x4
                [!provide]                        PROVIDE (__fini_array_start, .)
 *(SORT(.fini_array.*))
 *(.fini_array*)
 .fini_array    0x00000000080045b8        0x4 /opt/Atollic_TrueSTUDIO_for_STM32_x86_64_9.2.0/ARMTools/bin/../lib/gcc/arm-atollic-eabi/6.3.1/armv7e-m/fpu/crtbegin.o
                [!provide]                        PROVIDE (__fini_array_end, .)
                0x00000000080045bc                _sidata = LOADADDR (.data)

.data           0x0000000020000000       0xf4 load address 0x00000000080045bc
                0x0000000020000000                . = ALIGN (0x4)
                0x0000000020000000                _sdata = .
 *(.data)
 *(.data*)
 .data.uwTickFreq
                0x0000000020000000        0x1 Drivers/STM32F4xx_HAL_Driver/Src/stm32f4xx_hal.o
                0x0000000020000000                uwTickFreq
 *fill*         0x0000000020000001        0x3 
 .data.uxCriticalNesting
                0x0000000020000004        0x4 Middlewares/Third_Party/FreeRTOS/Source/portable/GCC/ARM_CM4F/port.o
 .data.eMBState
                0x0000000020000008        0x1 Middlewares/Third_Party/modbus/mb.o
 *fill*         0x0000000020000009        0x3 
 .data.xFuncHandlers
                0x000000002000000c       0x80 Middlewares/Third_Party/modbus/mb.o
 .data.SystemCoreClock
                0x000000002000008c        0x4 Src/system_stm32f4xx.o
                0x000000002000008c                SystemCoreClock
 .data._impure_ptr
                0x0000000020000090        0x4 /opt/Atollic_TrueSTUDIO_for_STM32_x86_64_9.2.0/ARMTools/bin/../lib/gcc/arm-atollic-eabi/6.3.1/../../../../arm-atollic-eabi/lib/armv7e-m/fpu/libc_nano.a(lib_a-impure.o)
                0x0000000020000090                _impure_ptr
 .data.impure_data
                0x0000000020000094       0x60 /opt/Atollic_TrueSTUDIO_for_STM32_x86_64_9.2.0/ARMTools/bin/../lib/gcc/arm-atollic-eabi/6.3.1/../../../../arm-atollic-eabi/lib/armv7e-m/fpu/libc_nano.a(lib_a-impure.o)
                0x00000000200000f4                . = ALIGN (0x4)
                0x00000000200000f4                _edata = .
                0x00000000080046b0                _siccmram = LOADADDR (.ccmram)

.igot.plt       0x00000000200000f4        0x0 load address 0x00000000080046b0
 .igot.plt      0x00000000200000f4        0x0 /opt/Atollic_TrueSTUDIO_for_STM32_x86_64_9.2.0/ARMTools/bin/../lib/gcc/arm-atollic-eabi/6.3.1/armv7e-m/fpu/crtbegin.o

.ccmram         0x0000000010000000        0x0 load address 0x00000000080046b0
                0x0000000010000000                . = ALIGN (0x4)
                0x0000000010000000                _sccmram = .
 *(.ccmram)
 *(.ccmram*)
                0x0000000010000000                . = ALIGN (0x4)
                0x0000000010000000                _eccmram = .
                0x0000000010000000                . = ALIGN (0x4)

.bss            0x00000000200000f4     0x3fb0
                0x00000000200000f4                _sbss = .
                0x00000000200000f4                __bss_start__ = _sbss
 *(.bss)
 .bss           0x00000000200000f4       0x1c /opt/Atollic_TrueSTUDIO_for_STM32_x86_64_9.2.0/ARMTools/bin/../lib/gcc/arm-atollic-eabi/6.3.1/armv7e-m/fpu/crtbegin.o
 *(.bss*)
 .bss.ucMaxSysCallPriority
                0x0000000020000110        0x1 Middlewares/Third_Party/FreeRTOS/Source/portable/GCC/ARM_CM4F/port.o
 *fill*         0x0000000020000111        0x3 
 .bss.ulMaxPRIGROUPValue
                0x0000000020000114        0x4 Middlewares/Third_Party/FreeRTOS/Source/portable/GCC/ARM_CM4F/port.o
 .bss.pxEnd     0x0000000020000118        0x4 Middlewares/Third_Party/FreeRTOS/Source/portable/MemMang/heap_4.o
 .bss.ucHeap    0x000000002000011c     0x3c00 Middlewares/Third_Party/FreeRTOS/Source/portable/MemMang/heap_4.o
 .bss.xBlockAllocatedBit
                0x0000000020003d1c        0x4 Middlewares/Third_Party/FreeRTOS/Source/portable/MemMang/heap_4.o
 .bss.xFreeBytesRemaining
                0x0000000020003d20        0x4 Middlewares/Third_Party/FreeRTOS/Source/portable/MemMang/heap_4.o
 .bss.xMinimumEverFreeBytesRemaining
                0x0000000020003d24        0x4 Middlewares/Third_Party/FreeRTOS/Source/portable/MemMang/heap_4.o
 .bss.xStart    0x0000000020003d28        0x8 Middlewares/Third_Party/FreeRTOS/Source/portable/MemMang/heap_4.o
 .bss.pxCurrentTCB
                0x0000000020003d30        0x4 Middlewares/Third_Party/FreeRTOS/Source/tasks.o
                0x0000000020003d30                pxCurrentTCB
 .bss.pxDelayedTaskList
                0x0000000020003d34        0x4 Middlewares/Third_Party/FreeRTOS/Source/tasks.o
 .bss.pxOverflowDelayedTaskList
                0x0000000020003d38        0x4 Middlewares/Third_Party/FreeRTOS/Source/tasks.o
 .bss.pxReadyTasksLists
                0x0000000020003d3c       0x8c Middlewares/Third_Party/FreeRTOS/Source/tasks.o
 .bss.uxCurrentNumberOfTasks
                0x0000000020003dc8        0x4 Middlewares/Third_Party/FreeRTOS/Source/tasks.o
 .bss.uxDeletedTasksWaitingCleanUp
                0x0000000020003dcc        0x4 Middlewares/Third_Party/FreeRTOS/Source/tasks.o
 .bss.uxPendedTicks
                0x0000000020003dd0        0x4 Middlewares/Third_Party/FreeRTOS/Source/tasks.o
 .bss.uxSchedulerSuspended
                0x0000000020003dd4        0x4 Middlewares/Third_Party/FreeRTOS/Source/tasks.o
 .bss.uxTaskNumber
                0x0000000020003dd8        0x4 Middlewares/Third_Party/FreeRTOS/Source/tasks.o
 .bss.uxTopReadyPriority
                0x0000000020003ddc        0x4 Middlewares/Third_Party/FreeRTOS/Source/tasks.o
 .bss.xDelayedTaskList1
                0x0000000020003de0       0x14 Middlewares/Third_Party/FreeRTOS/Source/tasks.o
 .bss.xDelayedTaskList2
                0x0000000020003df4       0x14 Middlewares/Third_Party/FreeRTOS/Source/tasks.o
 .bss.xIdleTaskHandle
                0x0000000020003e08        0x4 Middlewares/Third_Party/FreeRTOS/Source/tasks.o
 .bss.xNextTaskUnblockTime
                0x0000000020003e0c        0x4 Middlewares/Third_Party/FreeRTOS/Source/tasks.o
 .bss.xNumOfOverflows
                0x0000000020003e10        0x4 Middlewares/Third_Party/FreeRTOS/Source/tasks.o
 .bss.xPendingReadyList
                0x0000000020003e14       0x14 Middlewares/Third_Party/FreeRTOS/Source/tasks.o
 .bss.xSchedulerRunning
                0x0000000020003e28        0x4 Middlewares/Third_Party/FreeRTOS/Source/tasks.o
 .bss.xSuspendedTaskList
                0x0000000020003e2c       0x14 Middlewares/Third_Party/FreeRTOS/Source/tasks.o
 .bss.xTasksWaitingTermination
                0x0000000020003e40       0x14 Middlewares/Third_Party/FreeRTOS/Source/tasks.o
 .bss.xTickCount
                0x0000000020003e54        0x4 Middlewares/Third_Party/FreeRTOS/Source/tasks.o
 .bss.xYieldPending
                0x0000000020003e58        0x4 Middlewares/Third_Party/FreeRTOS/Source/tasks.o
 .bss.ucMBSlaveID
                0x0000000020003e5c       0x20 Middlewares/Third_Party/modbus/functions/mbfuncother.o
 .bss.usMBSlaveIDLen
                0x0000000020003e7c        0x2 Middlewares/Third_Party/modbus/functions/mbfuncother.o
 .bss.eException.9583
                0x0000000020003e7e        0x1 Middlewares/Third_Party/modbus/mb.o
 *fill*         0x0000000020003e7f        0x1 
 .bss.peMBFrameReceiveCur
                0x0000000020003e80        0x4 Middlewares/Third_Party/modbus/mb.o
 .bss.peMBFrameSendCur
                0x0000000020003e84        0x4 Middlewares/Third_Party/modbus/mb.o
 .bss.pvMBFrameCloseCur
                0x0000000020003e88        0x4 Middlewares/Third_Party/modbus/mb.o
 .bss.pvMBFrameStartCur
                0x0000000020003e8c        0x4 Middlewares/Third_Party/modbus/mb.o
 .bss.pvMBFrameStopCur
                0x0000000020003e90        0x4 Middlewares/Third_Party/modbus/mb.o
 .bss.ucFunctionCode.9581
                0x0000000020003e94        0x1 Middlewares/Third_Party/modbus/mb.o
 .bss.ucMBAddress
                0x0000000020003e95        0x1 Middlewares/Third_Party/modbus/mb.o
 *fill*         0x0000000020003e96        0x2 
 .bss.ucMBFrame.9579
                0x0000000020003e98        0x4 Middlewares/Third_Party/modbus/mb.o
 .bss.ucRcvAddress.9580
                0x0000000020003e9c        0x1 Middlewares/Third_Party/modbus/mb.o
 *fill*         0x0000000020003e9d        0x1 
 .bss.usLength.9582
                0x0000000020003e9e        0x2 Middlewares/Third_Party/modbus/mb.o
 .bss.eQueuedEvent
                0x0000000020003ea0        0x1 Middlewares/Third_Party/modbus/port/portevent.o
 .bss.xEventInQueue
                0x0000000020003ea1        0x1 Middlewares/Third_Party/modbus/port/portevent.o
 .bss.downcounter
                0x0000000020003ea2        0x2 Middlewares/Third_Party/modbus/port/porttimer.o
                0x0000000020003ea2                downcounter
 .bss.timeout   0x0000000020003ea4        0x2 Middlewares/Third_Party/modbus/port/porttimer.o
                0x0000000020003ea4                timeout
 .bss.eRcvState
                0x0000000020003ea6        0x1 Middlewares/Third_Party/modbus/rtu/mbrtu.o
 .bss.eSndState
                0x0000000020003ea7        0x1 Middlewares/Third_Party/modbus/rtu/mbrtu.o
 .bss.pucSndBufferCur
                0x0000000020003ea8        0x4 Middlewares/Third_Party/modbus/rtu/mbrtu.o
 .bss.usRcvBufferPos
                0x0000000020003eac        0x2 Middlewares/Third_Party/modbus/rtu/mbrtu.o
 .bss.usSndBufferCount
                0x0000000020003eae        0x2 Middlewares/Third_Party/modbus/rtu/mbrtu.o
 .bss.usRegInputBuf
                0x0000000020003eb0       0x10 Src/mdtask.o
 .bss.__malloc_free_list
                0x0000000020003ec0        0x4 /opt/Atollic_TrueSTUDIO_for_STM32_x86_64_9.2.0/ARMTools/bin/../lib/gcc/arm-atollic-eabi/6.3.1/../../../../arm-atollic-eabi/lib/armv7e-m/fpu/libc_nano.a(lib_a-nano-mallocr.o)
                0x0000000020003ec0                __malloc_free_list
 .bss.__malloc_sbrk_start
                0x0000000020003ec4        0x4 /opt/Atollic_TrueSTUDIO_for_STM32_x86_64_9.2.0/ARMTools/bin/../lib/gcc/arm-atollic-eabi/6.3.1/../../../../arm-atollic-eabi/lib/armv7e-m/fpu/libc_nano.a(lib_a-nano-mallocr.o)
                0x0000000020003ec4                __malloc_sbrk_start
 .bss.heap_end.5239
                0x0000000020003ec8        0x4 /opt/Atollic_TrueSTUDIO_for_STM32_x86_64_9.2.0/ARMTools/bin/../lib/gcc/arm-atollic-eabi/6.3.1/../../../../arm-atollic-eabi/lib/armv7e-m/fpu/libnosys.a(sbrk.o)
 *(COMMON)
 COMMON         0x0000000020003ecc        0x4 Drivers/STM32F4xx_HAL_Driver/Src/stm32f4xx_hal.o
                0x0000000020003ecc                uwTick
 COMMON         0x0000000020003ed0       0x14 Middlewares/Third_Party/modbus/mb.o
                0x0000000020003ed0                pxMBFrameCBTransmitterEmpty
                0x0000000020003ed4                pxMBPortCBTimerExpired
                0x0000000020003ed8                pxMBFrameCBByteReceived
                0x0000000020003edc                pxMBFrameCBTransmitFSMCur
                0x0000000020003ee0                pxMBFrameCBReceiveFSMCur
 COMMON         0x0000000020003ee4      0x100 Middlewares/Third_Party/modbus/rtu/mbrtu.o
                0x0000000020003ee4                ucRTUBuf
 COMMON         0x0000000020003fe4       0x80 Src/main.o
                0x0000000020003fe4                defaultTaskHandle
                0x0000000020003fe8                huart2
                0x0000000020004028                htim7
 COMMON         0x0000000020004064       0x3c Src/stm32f4xx_hal_timebase_tim.o
                0x0000000020004064                htim6
 COMMON         0x00000000200040a0        0x4 /opt/Atollic_TrueSTUDIO_for_STM32_x86_64_9.2.0/ARMTools/bin/../lib/gcc/arm-atollic-eabi/6.3.1/../../../../arm-atollic-eabi/lib/armv7e-m/fpu/libc_nano.a(lib_a-reent.o)
                0x00000000200040a0                errno
                0x00000000200040a4                . = ALIGN (0x4)
                0x00000000200040a4                _ebss = .
                0x00000000200040a4                __bss_end__ = _ebss

._user_heap_stack
                0x00000000200040a4      0x600
                0x00000000200040a4                . = ALIGN (0x4)
                0x00000000200040a4                PROVIDE (end, .)
                [!provide]                        PROVIDE (_end, .)
                0x00000000200042a4                . = (. + _Min_Heap_Size)
 *fill*         0x00000000200040a4      0x200 
                0x00000000200046a4                . = (. + _Min_Stack_Size)
 *fill*         0x00000000200042a4      0x400 
                0x00000000200046a4                . = ALIGN (0x4)

/DISCARD/
 libc.a(*)
 libm.a(*)
 libgcc.a(*)

.ARM.attributes
                0x0000000000000000       0x30
 *(.ARM.attributes)
 .ARM.attributes
                0x0000000000000000       0x22 /opt/Atollic_TrueSTUDIO_for_STM32_x86_64_9.2.0/ARMTools/bin/../lib/gcc/arm-atollic-eabi/6.3.1/armv7e-m/fpu/crti.o
 .ARM.attributes
                0x0000000000000022       0x34 /opt/Atollic_TrueSTUDIO_for_STM32_x86_64_9.2.0/ARMTools/bin/../lib/gcc/arm-atollic-eabi/6.3.1/armv7e-m/fpu/crtbegin.o
 .ARM.attributes
                0x0000000000000056       0x39 Drivers/STM32F4xx_HAL_Driver/Src/stm32f4xx_hal.o
 .ARM.attributes
                0x000000000000008f       0x39 Drivers/STM32F4xx_HAL_Driver/Src/stm32f4xx_hal_cortex.o
 .ARM.attributes
                0x00000000000000c8       0x39 Drivers/STM32F4xx_HAL_Driver/Src/stm32f4xx_hal_dma.o
 .ARM.attributes
                0x0000000000000101       0x39 Drivers/STM32F4xx_HAL_Driver/Src/stm32f4xx_hal_gpio.o
 .ARM.attributes
                0x000000000000013a       0x39 Drivers/STM32F4xx_HAL_Driver/Src/stm32f4xx_hal_rcc.o
 .ARM.attributes
                0x0000000000000173       0x39 Drivers/STM32F4xx_HAL_Driver/Src/stm32f4xx_hal_tim.o
 .ARM.attributes
                0x00000000000001ac       0x39 Drivers/STM32F4xx_HAL_Driver/Src/stm32f4xx_hal_tim_ex.o
 .ARM.attributes
                0x00000000000001e5       0x39 Drivers/STM32F4xx_HAL_Driver/Src/stm32f4xx_hal_uart.o
 .ARM.attributes
                0x000000000000021e       0x39 Middlewares/Third_Party/FreeRTOS/Source/CMSIS_RTOS/cmsis_os.o
 .ARM.attributes
                0x0000000000000257       0x39 Middlewares/Third_Party/FreeRTOS/Source/list.o
 .ARM.attributes
                0x0000000000000290       0x39 Middlewares/Third_Party/FreeRTOS/Source/portable/GCC/ARM_CM4F/port.o
 .ARM.attributes
                0x00000000000002c9       0x39 Middlewares/Third_Party/FreeRTOS/Source/portable/MemMang/heap_4.o
 .ARM.attributes
                0x0000000000000302       0x39 Middlewares/Third_Party/FreeRTOS/Source/tasks.o
 .ARM.attributes
                0x000000000000033b       0x39 Middlewares/Third_Party/modbus/functions/mbfunccoils.o
 .ARM.attributes
                0x0000000000000374       0x39 Middlewares/Third_Party/modbus/functions/mbfuncdisc.o
 .ARM.attributes
                0x00000000000003ad       0x39 Middlewares/Third_Party/modbus/functions/mbfuncholding.o
 .ARM.attributes
                0x00000000000003e6       0x39 Middlewares/Third_Party/modbus/functions/mbfuncinput.o
 .ARM.attributes
                0x000000000000041f       0x39 Middlewares/Third_Party/modbus/functions/mbfuncother.o
 .ARM.attributes
                0x0000000000000458       0x39 Middlewares/Third_Party/modbus/functions/mbutils.o
 .ARM.attributes
                0x0000000000000491       0x39 Middlewares/Third_Party/modbus/mb.o
 .ARM.attributes
                0x00000000000004ca       0x39 Middlewares/Third_Party/modbus/port/portevent.o
 .ARM.attributes
                0x0000000000000503       0x39 Middlewares/Third_Party/modbus/port/portserial.o
 .ARM.attributes
                0x000000000000053c       0x39 Middlewares/Third_Party/modbus/port/porttimer.o
 .ARM.attributes
                0x0000000000000575       0x39 Middlewares/Third_Party/modbus/rtu/mbcrc.o
 .ARM.attributes
                0x00000000000005ae       0x39 Middlewares/Third_Party/modbus/rtu/mbrtu.o
 .ARM.attributes
                0x00000000000005e7       0x39 Src/main.o
 .ARM.attributes
                0x0000000000000620       0x39 Src/mdtask.o
 .ARM.attributes
                0x0000000000000659       0x39 Src/stm32f4xx_hal_msp.o
 .ARM.attributes
                0x0000000000000692       0x39 Src/stm32f4xx_hal_timebase_tim.o
 .ARM.attributes
                0x00000000000006cb       0x39 Src/stm32f4xx_it.o
 .ARM.attributes
                0x0000000000000704       0x39 Src/system_stm32f4xx.o
 .ARM.attributes
                0x000000000000073d       0x21 startup/startup_stm32f407xx.o
 .ARM.attributes
                0x000000000000075e       0x34 /opt/Atollic_TrueSTUDIO_for_STM32_x86_64_9.2.0/ARMTools/bin/../lib/gcc/arm-atollic-eabi/6.3.1/../../../../arm-atollic-eabi/lib/armv7e-m/fpu/libc_nano.a(lib_a-assert.o)
 .ARM.attributes
                0x0000000000000792       0x34 /opt/Atollic_TrueSTUDIO_for_STM32_x86_64_9.2.0/ARMTools/bin/../lib/gcc/arm-atollic-eabi/6.3.1/../../../../arm-atollic-eabi/lib/armv7e-m/fpu/libc_nano.a(lib_a-fprintf.o)
 .ARM.attributes
                0x00000000000007c6       0x34 /opt/Atollic_TrueSTUDIO_for_STM32_x86_64_9.2.0/ARMTools/bin/../lib/gcc/arm-atollic-eabi/6.3.1/../../../../arm-atollic-eabi/lib/armv7e-m/fpu/libc_nano.a(lib_a-impure.o)
 .ARM.attributes
                0x00000000000007fa       0x34 /opt/Atollic_TrueSTUDIO_for_STM32_x86_64_9.2.0/ARMTools/bin/../lib/gcc/arm-atollic-eabi/6.3.1/../../../../arm-atollic-eabi/lib/armv7e-m/fpu/libc_nano.a(lib_a-init.o)
 .ARM.attributes
                0x000000000000082e       0x34 /opt/Atollic_TrueSTUDIO_for_STM32_x86_64_9.2.0/ARMTools/bin/../lib/gcc/arm-atollic-eabi/6.3.1/../../../../arm-atollic-eabi/lib/armv7e-m/fpu/libc_nano.a(lib_a-memcpy-stub.o)
 .ARM.attributes
                0x0000000000000862       0x34 /opt/Atollic_TrueSTUDIO_for_STM32_x86_64_9.2.0/ARMTools/bin/../lib/gcc/arm-atollic-eabi/6.3.1/../../../../arm-atollic-eabi/lib/armv7e-m/fpu/libc_nano.a(lib_a-memset.o)
 .ARM.attributes
                0x0000000000000896       0x34 /opt/Atollic_TrueSTUDIO_for_STM32_x86_64_9.2.0/ARMTools/bin/../lib/gcc/arm-atollic-eabi/6.3.1/../../../../arm-atollic-eabi/lib/armv7e-m/fpu/libc_nano.a(lib_a-nano-vfprintf.o)
 .ARM.attributes
                0x00000000000008ca       0x34 /opt/Atollic_TrueSTUDIO_for_STM32_x86_64_9.2.0/ARMTools/bin/../lib/gcc/arm-atollic-eabi/6.3.1/../../../../arm-atollic-eabi/lib/armv7e-m/fpu/libc_nano.a(lib_a-nano-vfprintf_i.o)
 .ARM.attributes
                0x00000000000008fe       0x34 /opt/Atollic_TrueSTUDIO_for_STM32_x86_64_9.2.0/ARMTools/bin/../lib/gcc/arm-atollic-eabi/6.3.1/../../../../arm-atollic-eabi/lib/armv7e-m/fpu/libc_nano.a(lib_a-wbuf.o)
 .ARM.attributes
                0x0000000000000932       0x34 /opt/Atollic_TrueSTUDIO_for_STM32_x86_64_9.2.0/ARMTools/bin/../lib/gcc/arm-atollic-eabi/6.3.1/../../../../arm-atollic-eabi/lib/armv7e-m/fpu/libc_nano.a(lib_a-wsetup.o)
 .ARM.attributes
                0x0000000000000966       0x34 /opt/Atollic_TrueSTUDIO_for_STM32_x86_64_9.2.0/ARMTools/bin/../lib/gcc/arm-atollic-eabi/6.3.1/../../../../arm-atollic-eabi/lib/armv7e-m/fpu/libc_nano.a(lib_a-abort.o)
 .ARM.attributes
                0x000000000000099a       0x34 /opt/Atollic_TrueSTUDIO_for_STM32_x86_64_9.2.0/ARMTools/bin/../lib/gcc/arm-atollic-eabi/6.3.1/../../../../arm-atollic-eabi/lib/armv7e-m/fpu/libc_nano.a(lib_a-fflush.o)
 .ARM.attributes
                0x00000000000009ce       0x34 /opt/Atollic_TrueSTUDIO_for_STM32_x86_64_9.2.0/ARMTools/bin/../lib/gcc/arm-atollic-eabi/6.3.1/../../../../arm-atollic-eabi/lib/armv7e-m/fpu/libc_nano.a(lib_a-findfp.o)
 .ARM.attributes
                0x0000000000000a02       0x34 /opt/Atollic_TrueSTUDIO_for_STM32_x86_64_9.2.0/ARMTools/bin/../lib/gcc/arm-atollic-eabi/6.3.1/../../../../arm-atollic-eabi/lib/armv7e-m/fpu/libc_nano.a(lib_a-fwalk.o)
 .ARM.attributes
                0x0000000000000a36       0x34 /opt/Atollic_TrueSTUDIO_for_STM32_x86_64_9.2.0/ARMTools/bin/../lib/gcc/arm-atollic-eabi/6.3.1/../../../../arm-atollic-eabi/lib/armv7e-m/fpu/libc_nano.a(lib_a-makebuf.o)
 .ARM.attributes
                0x0000000000000a6a       0x20 /opt/Atollic_TrueSTUDIO_for_STM32_x86_64_9.2.0/ARMTools/bin/../lib/gcc/arm-atollic-eabi/6.3.1/../../../../arm-atollic-eabi/lib/armv7e-m/fpu/libc_nano.a(lib_a-memchr.o)
 .ARM.attributes
                0x0000000000000a8a       0x34 /opt/Atollic_TrueSTUDIO_for_STM32_x86_64_9.2.0/ARMTools/bin/../lib/gcc/arm-atollic-eabi/6.3.1/../../../../arm-atollic-eabi/lib/armv7e-m/fpu/libc_nano.a(lib_a-nano-freer.o)
 .ARM.attributes
                0x0000000000000abe       0x34 /opt/Atollic_TrueSTUDIO_for_STM32_x86_64_9.2.0/ARMTools/bin/../lib/gcc/arm-atollic-eabi/6.3.1/../../../../arm-atollic-eabi/lib/armv7e-m/fpu/libc_nano.a(lib_a-nano-mallocr.o)
 .ARM.attributes
                0x0000000000000af2       0x34 /opt/Atollic_TrueSTUDIO_for_STM32_x86_64_9.2.0/ARMTools/bin/../lib/gcc/arm-atollic-eabi/6.3.1/../../../../arm-atollic-eabi/lib/armv7e-m/fpu/libc_nano.a(lib_a-sbrkr.o)
 .ARM.attributes
                0x0000000000000b26       0x34 /opt/Atollic_TrueSTUDIO_for_STM32_x86_64_9.2.0/ARMTools/bin/../lib/gcc/arm-atollic-eabi/6.3.1/../../../../arm-atollic-eabi/lib/armv7e-m/fpu/libc_nano.a(lib_a-signal.o)
 .ARM.attributes
                0x0000000000000b5a       0x34 /opt/Atollic_TrueSTUDIO_for_STM32_x86_64_9.2.0/ARMTools/bin/../lib/gcc/arm-atollic-eabi/6.3.1/../../../../arm-atollic-eabi/lib/armv7e-m/fpu/libc_nano.a(lib_a-signalr.o)
 .ARM.attributes
                0x0000000000000b8e       0x34 /opt/Atollic_TrueSTUDIO_for_STM32_x86_64_9.2.0/ARMTools/bin/../lib/gcc/arm-atollic-eabi/6.3.1/../../../../arm-atollic-eabi/lib/armv7e-m/fpu/libc_nano.a(lib_a-stdio.o)
 .ARM.attributes
                0x0000000000000bc2       0x34 /opt/Atollic_TrueSTUDIO_for_STM32_x86_64_9.2.0/ARMTools/bin/../lib/gcc/arm-atollic-eabi/6.3.1/../../../../arm-atollic-eabi/lib/armv7e-m/fpu/libc_nano.a(lib_a-writer.o)
 .ARM.attributes
                0x0000000000000bf6       0x34 /opt/Atollic_TrueSTUDIO_for_STM32_x86_64_9.2.0/ARMTools/bin/../lib/gcc/arm-atollic-eabi/6.3.1/../../../../arm-atollic-eabi/lib/armv7e-m/fpu/libc_nano.a(lib_a-closer.o)
 .ARM.attributes
                0x0000000000000c2a       0x34 /opt/Atollic_TrueSTUDIO_for_STM32_x86_64_9.2.0/ARMTools/bin/../lib/gcc/arm-atollic-eabi/6.3.1/../../../../arm-atollic-eabi/lib/armv7e-m/fpu/libc_nano.a(lib_a-fstatr.o)
 .ARM.attributes
                0x0000000000000c5e       0x34 /opt/Atollic_TrueSTUDIO_for_STM32_x86_64_9.2.0/ARMTools/bin/../lib/gcc/arm-atollic-eabi/6.3.1/../../../../arm-atollic-eabi/lib/armv7e-m/fpu/libc_nano.a(lib_a-isattyr.o)
 .ARM.attributes
                0x0000000000000c92       0x34 /opt/Atollic_TrueSTUDIO_for_STM32_x86_64_9.2.0/ARMTools/bin/../lib/gcc/arm-atollic-eabi/6.3.1/../../../../arm-atollic-eabi/lib/armv7e-m/fpu/libc_nano.a(lib_a-lseekr.o)
 .ARM.attributes
                0x0000000000000cc6       0x34 /opt/Atollic_TrueSTUDIO_for_STM32_x86_64_9.2.0/ARMTools/bin/../lib/gcc/arm-atollic-eabi/6.3.1/../../../../arm-atollic-eabi/lib/armv7e-m/fpu/libc_nano.a(lib_a-mlock.o)
 .ARM.attributes
                0x0000000000000cfa       0x34 /opt/Atollic_TrueSTUDIO_for_STM32_x86_64_9.2.0/ARMTools/bin/../lib/gcc/arm-atollic-eabi/6.3.1/../../../../arm-atollic-eabi/lib/armv7e-m/fpu/libc_nano.a(lib_a-readr.o)
 .ARM.attributes
                0x0000000000000d2e       0x34 /opt/Atollic_TrueSTUDIO_for_STM32_x86_64_9.2.0/ARMTools/bin/../lib/gcc/arm-atollic-eabi/6.3.1/../../../../arm-atollic-eabi/lib/armv7e-m/fpu/libc_nano.a(lib_a-reent.o)
 .ARM.attributes
                0x0000000000000d62       0x22 /opt/Atollic_TrueSTUDIO_for_STM32_x86_64_9.2.0/ARMTools/bin/../lib/gcc/arm-atollic-eabi/6.3.1/armv7e-m/fpu/libgcc.a(_aeabi_uldivmod.o)
 .ARM.attributes
                0x0000000000000d84       0x34 /opt/Atollic_TrueSTUDIO_for_STM32_x86_64_9.2.0/ARMTools/bin/../lib/gcc/arm-atollic-eabi/6.3.1/armv7e-m/fpu/libgcc.a(_udivmoddi4.o)
 .ARM.attributes
                0x0000000000000db8       0x22 /opt/Atollic_TrueSTUDIO_for_STM32_x86_64_9.2.0/ARMTools/bin/../lib/gcc/arm-atollic-eabi/6.3.1/armv7e-m/fpu/libgcc.a(_dvmd_tls.o)
 .ARM.attributes
                0x0000000000000dda       0x34 /opt/Atollic_TrueSTUDIO_for_STM32_x86_64_9.2.0/ARMTools/bin/../lib/gcc/arm-atollic-eabi/6.3.1/../../../../arm-atollic-eabi/lib/armv7e-m/fpu/libnosys.a(close.o)
 .ARM.attributes
                0x0000000000000e0e       0x34 /opt/Atollic_TrueSTUDIO_for_STM32_x86_64_9.2.0/ARMTools/bin/../lib/gcc/arm-atollic-eabi/6.3.1/../../../../arm-atollic-eabi/lib/armv7e-m/fpu/libnosys.a(fstat.o)
 .ARM.attributes
                0x0000000000000e42       0x34 /opt/Atollic_TrueSTUDIO_for_STM32_x86_64_9.2.0/ARMTools/bin/../lib/gcc/arm-atollic-eabi/6.3.1/../../../../arm-atollic-eabi/lib/armv7e-m/fpu/libnosys.a(getpid.o)
 .ARM.attributes
                0x0000000000000e76       0x34 /opt/Atollic_TrueSTUDIO_for_STM32_x86_64_9.2.0/ARMTools/bin/../lib/gcc/arm-atollic-eabi/6.3.1/../../../../arm-atollic-eabi/lib/armv7e-m/fpu/libnosys.a(isatty.o)
 .ARM.attributes
                0x0000000000000eaa       0x34 /opt/Atollic_TrueSTUDIO_for_STM32_x86_64_9.2.0/ARMTools/bin/../lib/gcc/arm-atollic-eabi/6.3.1/../../../../arm-atollic-eabi/lib/armv7e-m/fpu/libnosys.a(kill.o)
 .ARM.attributes
                0x0000000000000ede       0x34 /opt/Atollic_TrueSTUDIO_for_STM32_x86_64_9.2.0/ARMTools/bin/../lib/gcc/arm-atollic-eabi/6.3.1/../../../../arm-atollic-eabi/lib/armv7e-m/fpu/libnosys.a(lseek.o)
 .ARM.attributes
                0x0000000000000f12       0x34 /opt/Atollic_TrueSTUDIO_for_STM32_x86_64_9.2.0/ARMTools/bin/../lib/gcc/arm-atollic-eabi/6.3.1/../../../../arm-atollic-eabi/lib/armv7e-m/fpu/libnosys.a(read.o)
 .ARM.attributes
                0x0000000000000f46       0x34 /opt/Atollic_TrueSTUDIO_for_STM32_x86_64_9.2.0/ARMTools/bin/../lib/gcc/arm-atollic-eabi/6.3.1/../../../../arm-atollic-eabi/lib/armv7e-m/fpu/libnosys.a(sbrk.o)
 .ARM.attributes
                0x0000000000000f7a       0x34 /opt/Atollic_TrueSTUDIO_for_STM32_x86_64_9.2.0/ARMTools/bin/../lib/gcc/arm-atollic-eabi/6.3.1/../../../../arm-atollic-eabi/lib/armv7e-m/fpu/libnosys.a(write.o)
 .ARM.attributes
                0x0000000000000fae       0x34 /opt/Atollic_TrueSTUDIO_for_STM32_x86_64_9.2.0/ARMTools/bin/../lib/gcc/arm-atollic-eabi/6.3.1/../../../../arm-atollic-eabi/lib/armv7e-m/fpu/libnosys.a(_exit.o)
 .ARM.attributes
                0x0000000000000fe2       0x22 /opt/Atollic_TrueSTUDIO_for_STM32_x86_64_9.2.0/ARMTools/bin/../lib/gcc/arm-atollic-eabi/6.3.1/armv7e-m/fpu/crtn.o
OUTPUT(STM32F4_MODBUS_RTU.elf elf32-littlearm)

.debug_info     0x0000000000000000    0x249aa
 .debug_info    0x0000000000000000     0x11ec Drivers/STM32F4xx_HAL_Driver/Src/stm32f4xx_hal.o
 .debug_info    0x00000000000011ec     0x1744 Drivers/STM32F4xx_HAL_Driver/Src/stm32f4xx_hal_cortex.o
 .debug_info    0x0000000000002930     0x125c Drivers/STM32F4xx_HAL_Driver/Src/stm32f4xx_hal_dma.o
 .debug_info    0x0000000000003b8c      0xf88 Drivers/STM32F4xx_HAL_Driver/Src/stm32f4xx_hal_gpio.o
 .debug_info    0x0000000000004b14     0x1269 Drivers/STM32F4xx_HAL_Driver/Src/stm32f4xx_hal_rcc.o
 .debug_info    0x0000000000005d7d     0x3ba2 Drivers/STM32F4xx_HAL_Driver/Src/stm32f4xx_hal_tim.o
 .debug_info    0x000000000000991f     0x19a5 Drivers/STM32F4xx_HAL_Driver/Src/stm32f4xx_hal_tim_ex.o
 .debug_info    0x000000000000b2c4     0x1ea3 Drivers/STM32F4xx_HAL_Driver/Src/stm32f4xx_hal_uart.o
 .debug_info    0x000000000000d167     0x2504 Middlewares/Third_Party/FreeRTOS/Source/CMSIS_RTOS/cmsis_os.o
 .debug_info    0x000000000000f66b      0xac0 Middlewares/Third_Party/FreeRTOS/Source/list.o
 .debug_info    0x000000000001012b      0x531 Middlewares/Third_Party/FreeRTOS/Source/portable/GCC/ARM_CM4F/port.o
 .debug_info    0x000000000001065c      0xca5 Middlewares/Third_Party/FreeRTOS/Source/portable/MemMang/heap_4.o
 .debug_info    0x0000000000011301     0x2997 Middlewares/Third_Party/FreeRTOS/Source/tasks.o
 .debug_info    0x0000000000013c98      0xc8d Middlewares/Third_Party/modbus/functions/mbfunccoils.o
 .debug_info    0x0000000000014925      0xb0e Middlewares/Third_Party/modbus/functions/mbfuncdisc.o
 .debug_info    0x0000000000015433      0xd53 Middlewares/Third_Party/modbus/functions/mbfuncholding.o
 .debug_info    0x0000000000016186      0xaff Middlewares/Third_Party/modbus/functions/mbfuncinput.o
 .debug_info    0x0000000000016c85      0xb6e Middlewares/Third_Party/modbus/functions/mbfuncother.o
 .debug_info    0x00000000000177f3      0xbfa Middlewares/Third_Party/modbus/functions/mbutils.o
 .debug_info    0x00000000000183ed      0xf86 Middlewares/Third_Party/modbus/mb.o
 .debug_info    0x0000000000019373      0xa34 Middlewares/Third_Party/modbus/port/portevent.o
 .debug_info    0x0000000000019da7      0xf3c Middlewares/Third_Party/modbus/port/portserial.o
 .debug_info    0x000000000001ace3      0xfa0 Middlewares/Third_Party/modbus/port/porttimer.o
 .debug_info    0x000000000001bc83      0xa00 Middlewares/Third_Party/modbus/rtu/mbcrc.o
 .debug_info    0x000000000001c683     0x10b7 Middlewares/Third_Party/modbus/rtu/mbrtu.o
 .debug_info    0x000000000001d73a     0x1bab Src/main.o
 .debug_info    0x000000000001f2e5      0xd3d Src/mdtask.o
 .debug_info    0x0000000000020022     0x1721 Src/stm32f4xx_hal_msp.o
 .debug_info    0x0000000000021743     0x13a6 Src/stm32f4xx_hal_timebase_tim.o
 .debug_info    0x0000000000022ae9     0x1120 Src/stm32f4xx_it.o
 .debug_info    0x0000000000023c09      0xd1c Src/system_stm32f4xx.o
 .debug_info    0x0000000000024925       0x85 startup/startup_stm32f407xx.o

.debug_abbrev   0x0000000000000000     0x51c4
 .debug_abbrev  0x0000000000000000      0x308 Drivers/STM32F4xx_HAL_Driver/Src/stm32f4xx_hal.o
 .debug_abbrev  0x0000000000000308      0x399 Drivers/STM32F4xx_HAL_Driver/Src/stm32f4xx_hal_cortex.o
 .debug_abbrev  0x00000000000006a1      0x34a Drivers/STM32F4xx_HAL_Driver/Src/stm32f4xx_hal_dma.o
 .debug_abbrev  0x00000000000009eb      0x268 Drivers/STM32F4xx_HAL_Driver/Src/stm32f4xx_hal_gpio.o
 .debug_abbrev  0x0000000000000c53      0x353 Drivers/STM32F4xx_HAL_Driver/Src/stm32f4xx_hal_rcc.o
 .debug_abbrev  0x0000000000000fa6      0x3ac Drivers/STM32F4xx_HAL_Driver/Src/stm32f4xx_hal_tim.o
 .debug_abbrev  0x0000000000001352      0x300 Drivers/STM32F4xx_HAL_Driver/Src/stm32f4xx_hal_tim_ex.o
 .debug_abbrev  0x0000000000001652      0x397 Drivers/STM32F4xx_HAL_Driver/Src/stm32f4xx_hal_uart.o
 .debug_abbrev  0x00000000000019e9      0x450 Middlewares/Third_Party/FreeRTOS/Source/CMSIS_RTOS/cmsis_os.o
 .debug_abbrev  0x0000000000001e39      0x1e3 Middlewares/Third_Party/FreeRTOS/Source/list.o
 .debug_abbrev  0x000000000000201c      0x211 Middlewares/Third_Party/FreeRTOS/Source/portable/GCC/ARM_CM4F/port.o
 .debug_abbrev  0x000000000000222d      0x314 Middlewares/Third_Party/FreeRTOS/Source/portable/MemMang/heap_4.o
 .debug_abbrev  0x0000000000002541      0x419 Middlewares/Third_Party/FreeRTOS/Source/tasks.o
 .debug_abbrev  0x000000000000295a      0x21e Middlewares/Third_Party/modbus/functions/mbfunccoils.o
 .debug_abbrev  0x0000000000002b78      0x204 Middlewares/Third_Party/modbus/functions/mbfuncdisc.o
 .debug_abbrev  0x0000000000002d7c      0x204 Middlewares/Third_Party/modbus/functions/mbfuncholding.o
 .debug_abbrev  0x0000000000002f80      0x204 Middlewares/Third_Party/modbus/functions/mbfuncinput.o
 .debug_abbrev  0x0000000000003184      0x1ee Middlewares/Third_Party/modbus/functions/mbfuncother.o
 .debug_abbrev  0x0000000000003372      0x219 Middlewares/Third_Party/modbus/functions/mbutils.o
 .debug_abbrev  0x000000000000358b      0x2e2 Middlewares/Third_Party/modbus/mb.o
 .debug_abbrev  0x000000000000386d      0x1e4 Middlewares/Third_Party/modbus/port/portevent.o
 .debug_abbrev  0x0000000000003a51      0x20a Middlewares/Third_Party/modbus/port/portserial.o
 .debug_abbrev  0x0000000000003c5b      0x261 Middlewares/Third_Party/modbus/port/porttimer.o
 .debug_abbrev  0x0000000000003ebc      0x1a9 Middlewares/Third_Party/modbus/rtu/mbcrc.o
 .debug_abbrev  0x0000000000004065      0x29a Middlewares/Third_Party/modbus/rtu/mbrtu.o
 .debug_abbrev  0x00000000000042ff      0x363 Src/main.o
 .debug_abbrev  0x0000000000004662      0x2ab Src/mdtask.o
 .debug_abbrev  0x000000000000490d      0x24a Src/stm32f4xx_hal_msp.o
 .debug_abbrev  0x0000000000004b57      0x258 Src/stm32f4xx_hal_timebase_tim.o
 .debug_abbrev  0x0000000000004daf      0x239 Src/stm32f4xx_it.o
 .debug_abbrev  0x0000000000004fe8      0x1ca Src/system_stm32f4xx.o
 .debug_abbrev  0x00000000000051b2       0x12 startup/startup_stm32f407xx.o

.debug_loc      0x0000000000000000     0xa774
 .debug_loc     0x0000000000000000      0x11b Drivers/STM32F4xx_HAL_Driver/Src/stm32f4xx_hal.o
 .debug_loc     0x000000000000011b      0x4fb Drivers/STM32F4xx_HAL_Driver/Src/stm32f4xx_hal_cortex.o
 .debug_loc     0x0000000000000616      0x727 Drivers/STM32F4xx_HAL_Driver/Src/stm32f4xx_hal_dma.o
 .debug_loc     0x0000000000000d3d      0x3cd Drivers/STM32F4xx_HAL_Driver/Src/stm32f4xx_hal_gpio.o
 .debug_loc     0x000000000000110a      0x336 Drivers/STM32F4xx_HAL_Driver/Src/stm32f4xx_hal_rcc.o
 .debug_loc     0x0000000000001440     0x30b2 Drivers/STM32F4xx_HAL_Driver/Src/stm32f4xx_hal_tim.o
 .debug_loc     0x00000000000044f2      0x84a Drivers/STM32F4xx_HAL_Driver/Src/stm32f4xx_hal_tim_ex.o
 .debug_loc     0x0000000000004d3c     0x132c Drivers/STM32F4xx_HAL_Driver/Src/stm32f4xx_hal_uart.o
 .debug_loc     0x0000000000006068     0x1038 Middlewares/Third_Party/FreeRTOS/Source/CMSIS_RTOS/cmsis_os.o
 .debug_loc     0x00000000000070a0       0x94 Middlewares/Third_Party/FreeRTOS/Source/list.o
 .debug_loc     0x0000000000007134       0xcf Middlewares/Third_Party/FreeRTOS/Source/portable/GCC/ARM_CM4F/port.o
 .debug_loc     0x0000000000007203      0x390 Middlewares/Third_Party/FreeRTOS/Source/portable/MemMang/heap_4.o
 .debug_loc     0x0000000000007593     0x1249 Middlewares/Third_Party/FreeRTOS/Source/tasks.o
 .debug_loc     0x00000000000087dc      0x400 Middlewares/Third_Party/modbus/functions/mbfunccoils.o
 .debug_loc     0x0000000000008bdc      0x183 Middlewares/Third_Party/modbus/functions/mbfuncdisc.o
 .debug_loc     0x0000000000008d5f      0x73d Middlewares/Third_Party/modbus/functions/mbfuncholding.o
 .debug_loc     0x000000000000949c      0x170 Middlewares/Third_Party/modbus/functions/mbfuncinput.o
 .debug_loc     0x000000000000960c      0x132 Middlewares/Third_Party/modbus/functions/mbfuncother.o
 .debug_loc     0x000000000000973e      0x46a Middlewares/Third_Party/modbus/functions/mbutils.o
 .debug_loc     0x0000000000009ba8      0x299 Middlewares/Third_Party/modbus/mb.o
 .debug_loc     0x0000000000009e41       0x6e Middlewares/Third_Party/modbus/port/portevent.o
 .debug_loc     0x0000000000009eaf       0x9b Middlewares/Third_Party/modbus/port/portserial.o
 .debug_loc     0x0000000000009f4a       0x21 Middlewares/Third_Party/modbus/port/porttimer.o
 .debug_loc     0x0000000000009f6b       0xa2 Middlewares/Third_Party/modbus/rtu/mbcrc.o
 .debug_loc     0x000000000000a00d      0x31c Middlewares/Third_Party/modbus/rtu/mbrtu.o
 .debug_loc     0x000000000000a329       0x4d Src/main.o
 .debug_loc     0x000000000000a376      0x153 Src/mdtask.o
 .debug_loc     0x000000000000a4c9       0xa5 Src/stm32f4xx_hal_msp.o
 .debug_loc     0x000000000000a56e       0xa5 Src/stm32f4xx_hal_timebase_tim.o
 .debug_loc     0x000000000000a613       0x45 Src/stm32f4xx_it.o
 .debug_loc     0x000000000000a658      0x11c Src/system_stm32f4xx.o

.debug_aranges  0x0000000000000000      0xf58
 .debug_aranges
                0x0000000000000000       0xd8 Drivers/STM32F4xx_HAL_Driver/Src/stm32f4xx_hal.o
 .debug_aranges
                0x00000000000000d8       0xa8 Drivers/STM32F4xx_HAL_Driver/Src/stm32f4xx_hal_cortex.o
 .debug_aranges
                0x0000000000000180       0x80 Drivers/STM32F4xx_HAL_Driver/Src/stm32f4xx_hal_dma.o
 .debug_aranges
                0x0000000000000200       0x58 Drivers/STM32F4xx_HAL_Driver/Src/stm32f4xx_hal_gpio.o
 .debug_aranges
                0x0000000000000258       0x88 Drivers/STM32F4xx_HAL_Driver/Src/stm32f4xx_hal_rcc.o
 .debug_aranges
                0x00000000000002e0      0x250 Drivers/STM32F4xx_HAL_Driver/Src/stm32f4xx_hal_tim.o
 .debug_aranges
                0x0000000000000530       0xf0 Drivers/STM32F4xx_HAL_Driver/Src/stm32f4xx_hal_tim_ex.o
 .debug_aranges
                0x0000000000000620      0x170 Drivers/STM32F4xx_HAL_Driver/Src/stm32f4xx_hal_uart.o
 .debug_aranges
                0x0000000000000790      0x190 Middlewares/Third_Party/FreeRTOS/Source/CMSIS_RTOS/cmsis_os.o
 .debug_aranges
                0x0000000000000920       0x40 Middlewares/Third_Party/FreeRTOS/Source/list.o
 .debug_aranges
                0x0000000000000960       0x80 Middlewares/Third_Party/FreeRTOS/Source/portable/GCC/ARM_CM4F/port.o
 .debug_aranges
                0x00000000000009e0       0x48 Middlewares/Third_Party/FreeRTOS/Source/portable/MemMang/heap_4.o
 .debug_aranges
                0x0000000000000a28      0x170 Middlewares/Third_Party/FreeRTOS/Source/tasks.o
 .debug_aranges
                0x0000000000000b98       0x30 Middlewares/Third_Party/modbus/functions/mbfunccoils.o
 .debug_aranges
                0x0000000000000bc8       0x20 Middlewares/Third_Party/modbus/functions/mbfuncdisc.o
 .debug_aranges
                0x0000000000000be8       0x38 Middlewares/Third_Party/modbus/functions/mbfuncholding.o
 .debug_aranges
                0x0000000000000c20       0x20 Middlewares/Third_Party/modbus/functions/mbfuncinput.o
 .debug_aranges
                0x0000000000000c40       0x28 Middlewares/Third_Party/modbus/functions/mbfuncother.o
 .debug_aranges
                0x0000000000000c68       0x30 Middlewares/Third_Party/modbus/functions/mbutils.o
 .debug_aranges
                0x0000000000000c98       0x48 Middlewares/Third_Party/modbus/mb.o
 .debug_aranges